
===== [hc_pre.run] msprof simulator (b=1, bs=512, soc=Ascend910_9382) [mode=cann_container] =====
[env] ASCEND_HOME_PATH=/usr/local/Ascend/cann-9.1.0
[WARN]  The option "--application" will be deprecated in future version. It is recommended to specify <app> [arguments] instead.
=================================================================
                   >>>>>   MindStudio   <<<<<
    THE END-TO-END TOOLCHAIN TO UNLEASH HUAWEI ASCEND COMPUTE
=================================================================

[WARN]  Currently, the root permission is used, which is unrecommended. Please ensure the security of the execution environment and programs.
[INFO]  Op profiling analysis start.
[INFO]  Running simulation task: Binary Simulation Running, use simulator Ascend910 9382 by --soc-version
[W907 20:14:24.273797576 FunctionLoader.cpp:48] Warning: LD_PRELOAD detected, FunctionLoader prefers RTLD_DEFAULT for symbol resolution. (function operator())
[INFO] Config file [config_stars.json] from environment variable [CAMODEL_CONFIG_PATH]. Path: /root/HcPre/sim_out/OPPROF_20260907201422_ILXNZJTXLXOTBBXG/device0/tmp_dump/config/config_stars.json
[INFO] Config file is found, path is /root/HcPre/sim_out/OPPROF_20260907201422_ILXNZJTXLXOTBBXG/device0/tmp_dump/config/config_stars.json.
[FuncCache]: size:0x20000, line_size:128, way_num:16, line_num:1024, idx_num:64
             idx_lsb:7, idx_mask:0x3f, tag_lsb:13, tag_mask:0xffffffffffffffff, ofst_mask:0x7f

[TmSim]: Run in parallel worker mode, core num is: 24

[INFO] Config file [config.json] from environment variable [CAMODEL_CONFIG_PATH]. Path: /root/HcPre/sim_out/OPPROF_20260907201422_ILXNZJTXLXOTBBXG/device0/tmp_dump/config/config.json
[INFO] AicWrapper attach AIC 0, num_vec_core=2, num_subcore=3
[INFO] AicWrapper attach AIC 1, num_vec_core=2, num_subcore=3
[INFO] AicWrapper attach AIC 2, num_vec_core=2, num_subcore=3
[INFO] AicWrapper attach AIC 3, num_vec_core=2, num_subcore=3
[INFO] AicWrapper attach AIC 4, num_vec_core=2, num_subcore=3
[INFO] AicWrapper attach AIC 5, num_vec_core=2, num_subcore=3
[INFO] AicWrapper attach AIC 6, num_vec_core=2, num_subcore=3
[INFO] AicWrapper attach AIC 7, num_vec_core=2, num_subcore=3
[INFO] AicWrapper attach AIC 8, num_vec_core=2, num_subcore=3
[INFO] AicWrapper attach AIC 9, num_vec_core=2, num_subcore=3
[INFO] AicWrapper attach AIC 10, num_vec_core=2, num_subcore=3
[INFO] AicWrapper attach AIC 11, num_vec_core=2, num_subcore=3
[INFO] AicWrapper attach AIC 12, num_vec_core=2, num_subcore=3
[INFO] AicWrapper attach AIC 13, num_vec_core=2, num_subcore=3
[INFO] AicWrapper attach AIC 14, num_vec_core=2, num_subcore=3
[INFO] AicWrapper attach AIC 15, num_vec_core=2, num_subcore=3
[INFO] AicWrapper attach AIC 16, num_vec_core=2, num_subcore=3
[INFO] AicWrapper attach AIC 17, num_vec_core=2, num_subcore=3
[INFO] AicWrapper attach AIC 18, num_vec_core=2, num_subcore=3
[INFO] AicWrapper attach AIC 19, num_vec_core=2, num_subcore=3
[INFO] AicWrapper attach AIC 20, num_vec_core=2, num_subcore=3
[INFO] AicWrapper attach AIC 21, num_vec_core=2, num_subcore=3
[INFO] AicWrapper attach AIC 22, num_vec_core=2, num_subcore=3
[INFO] AicWrapper attach AIC 23, num_vec_core=2, num_subcore=3
[INFO] Chip 0 AIC / Scheduler / Soc periods: 200.0000 / 200.0000 / 105.0000
[INFO] chip 0 die 0 device created
>> Start ModelParsim with 20 threads for 25 thread units, mode is 0
================================================================================
>>>>                                                                        
>>>>                             " PEM MODEL "                                
>>>>             Total no. of 1 chip(s) Model Init Success!                
>>>>                                                                        
================================================================================
[INFO] Model Start Time: 2026-09-07 20:14:30
[DRVSTUB_LOG] driver_api.c:521 sendSwapBuf:swapbuf_base_addr:10000000
[DRVSTUB_LOG] driver_api.c:522 sendSwapBuf:sq:0 swapbuf_addr:10000000
[DRVSTUB_LOG] driver_api.c:521 sendSwapBuf:swapbuf_base_addr:10000000
[DRVSTUB_LOG] driver_api.c:522 sendSwapBuf:sq:1 swapbuf_addr:10000040
[DRVSTUB_LOG] driver_api.c:521 sendSwapBuf:swapbuf_base_addr:10000000
[DRVSTUB_LOG] driver_api.c:522 sendSwapBuf:sq:2 swapbuf_addr:10000080
[DRVSTUB_LOG] driver_api.c:521 sendSwapBuf:swapbuf_base_addr:10000000
[DRVSTUB_LOG] driver_api.c:522 sendSwapBuf:sq:3 swapbuf_addr:100000c0
[W907 20:14:30.362515107 NPUCachingAllocator.cpp:202] Warning: The current CANN and HDK(driver) versions require processing for 32 padding size, with memory allocation. (function operator())
[INFO] <ProfInit> Start profiling on kernel: HcPre_c12a9d608e5abdbd1728e849208025ff_0_mix_aic
[INFO]  Extract 7773 relations from kernel
[INFO]  Parse 47272 addr2line relations
[sim-app] using NPU device 0
[sim-app] x=(1, 512, 4, 4096) bf16, hc_fn=(24, 16384) fp32, hc_scale=(3,), hc_base=(24,)
[sim-app] outputs (iters=1): y=(1, 512, 4096) torch.bfloat16, post=(1, 512, 4) torch.float32, comb_frag=(1, 512, 4, 4) torch.float32
[compare] y: PASS pass_rate=99.31% (required 98.00%), max_abs_diff=3.125e-02
[compare] post: PASS pass_rate=100.00% (required 99.50%), max_abs_diff=8.667e-05
[compare] comb_frag: PASS pass_rate=100.00% (required 99.50%), max_abs_diff=6.258e-07
[compare] overall: PASS
DONE
[INFO] Model Stop Time: 2026-09-07 20:22:10
Model RUN TIME: 460459 ms
[INFO] Total tick: 468493
[INFO] Model stopped successfully.
[INFO]  Profiling running finished. All task success.
[INFO]  Core operator results run in simulator as follow:
core_name           duration_time(us)   running_time(us)    
core0.cubecore0     29.68               29.46               
core0.veccore0      98.12               97.69               
core0.veccore1      98.26               97.82               
core1.cubecore0     29.67               29.46               
core1.veccore0      98.21               97.78               
core1.veccore1      98.35               97.92               
core10.cubecore0    29.66               29.45               
core10.veccore0     98.12               97.69               
core10.veccore1     97.98               97.54               
core11.cubecore0    29.66               29.44               
core11.veccore0     98.12               97.69               
core11.veccore1     98.26               97.83               
core12.cubecore0    29.66               29.44               
core12.veccore0     98.09               97.65               
core12.veccore1     98.23               97.79               
core13.cubecore0    29.66               29.45               
core13.veccore0     98.33               97.89               
core13.veccore1     98.2                97.76               
core14.cubecore0    29.66               29.43               
core14.veccore0     98.32               97.88               
core14.veccore1     98.18               97.74               
core15.cubecore0    29.66               29.44               
core15.veccore0     98.05               97.61               
core15.veccore1     98.19               97.75               
core16.cubecore0    29.66               29.43               
core16.veccore0     98.06               97.62               
core16.veccore1     98.2                97.76               
core17.cubecore0    29.66               29.44               
core17.veccore0     98.37               97.94               
core17.veccore1     98.23               97.8                
core18.cubecore0    29.66               29.44               
core18.veccore0     98.23               97.8                
core18.veccore1     98.09               97.65               
core19.cubecore0    29.65               29.44               
core19.veccore0     98.04               97.6                
core19.veccore1     98.19               97.75               
core2.cubecore0     29.67               29.45               
core2.veccore0      98.04               97.61               
core2.veccore1      98.18               97.74               
core20.cubecore0    29.66               29.44               
core20.veccore0     98.09               97.66               
core20.veccore1     98.23               97.8                
core21.cubecore0    29.65               29.44               
core21.veccore0     98.08               97.64               
core21.veccore1     98.21               97.78               
core22.cubecore0    29.66               29.45               
core22.veccore0     98.25               97.83               
core22.veccore1     98.11               97.7                
core23.cubecore0    29.65               29.44               
core23.veccore0     69.2                68.98               
core23.veccore1     29.85               29.38               
core3.cubecore0     29.67               29.45               
core3.veccore0      98.22               97.78               
core3.veccore1      98.35               97.92               
core4.cubecore0     29.67               29.45               
core4.veccore0      98.27               97.84               
core4.veccore1      98.13               97.7                
core5.cubecore0     29.67               29.45               
core5.veccore0      98.49               98.06               
core5.veccore1      98.35               97.92               
core6.cubecore0     29.67               29.45               
core6.veccore0      98.42               97.98               
core6.veccore1      98.28               97.84               
core7.cubecore0     29.67               29.44               
core7.veccore0      98.38               97.94               
core7.veccore1      98.24               97.8                
core8.cubecore0     29.67               29.44               
core8.veccore0      98.35               97.91               
core8.veccore1      98.21               97.77               
core9.cubecore0     29.67               29.44               
core9.veccore0      98.06               97.61               
core9.veccore1      98.19               97.75               
[INFO]  Start parse dump file
[INFO]  Profiling results saved in /root/HcPre/sim_out/OPPROF_20260907201422_ILXNZJTXLXOTBBXG
[INFO]  Profiling data parse finished.
[INFO]  Op profiling finish. Welcome to next use.
--- sim csv summary ---
found 72 cores with instr_exe.csv; showing top 8 by total cycles

=== core5.veccore0  total=3042556 cycles ===
    VECTOR           82.6%
    MTE3              6.9%
    SCALAR            6.6%
    MTE2              3.3%
    FLOWCTRL          0.5%
    ALL               0.0%
    top: BAR pipe=VECTOR calls=627 cycles=379371
    top: BAR pipe=VECTOR calls=9 cycles=217534
    top: BAR pipe=VECTOR calls=209 cycles=130648

=== core6.veccore0  total=3040577 cycles ===
    VECTOR           82.6%
    MTE3              7.0%
    SCALAR            6.6%
    MTE2              3.3%
    FLOWCTRL          0.5%
    ALL               0.0%
    top: BAR pipe=VECTOR calls=627 cycles=379371
    top: BAR pipe=VECTOR calls=9 cycles=217141
    top: BAR pipe=VECTOR calls=209 cycles=130648

=== core5.veccore1  total=3040424 cycles ===
    VECTOR           82.5%
    MTE3              7.0%
    SCALAR            6.6%
    MTE2              3.3%
    FLOWCTRL          0.5%
