
===== [hc_pre.run] msprof simulator (b=1, bs=512, soc=Ascend910_9382) [mode=cann_container] =====
[env] ASCEND_HOME_PATH=/usr/local/Ascend/cann-9.1.0
[WARN]  The option "--application" will be deprecated in future version. It is recommended to specify <app> [arguments] instead.
=================================================================
                   >>>>>   MindStudio   <<<<<
    THE END-TO-END TOOLCHAIN TO UNLEASH HUAWEI ASCEND COMPUTE
=================================================================

[WARN]  Currently, the root permission is used, which is unrecommended. Please ensure the security of the execution environment and programs.
[INFO]  Op profiling analysis start.
[INFO]  Running simulation task: Binary Simulation Running, use simulator Ascend910 9382 by --soc-version
[W907 21:57:03.999180179 FunctionLoader.cpp:48] Warning: LD_PRELOAD detected, FunctionLoader prefers RTLD_DEFAULT for symbol resolution. (function operator())
[INFO] Config file [config_stars.json] from environment variable [CAMODEL_CONFIG_PATH]. Path: /root/HcPre/sim_out/OPPROF_20260907215702_SLWFTXEOSSWXMMIJ/device0/tmp_dump/config/config_stars.json
[INFO] Config file is found, path is /root/HcPre/sim_out/OPPROF_20260907215702_SLWFTXEOSSWXMMIJ/device0/tmp_dump/config/config_stars.json.
[FuncCache]: size:0x20000, line_size:128, way_num:16, line_num:1024, idx_num:64
             idx_lsb:7, idx_mask:0x3f, tag_lsb:13, tag_mask:0xffffffffffffffff, ofst_mask:0x7f

[TmSim]: Run in parallel worker mode, core num is: 24

[INFO] Config file [config.json] from environment variable [CAMODEL_CONFIG_PATH]. Path: /root/HcPre/sim_out/OPPROF_20260907215702_SLWFTXEOSSWXMMIJ/device0/tmp_dump/config/config.json
[INFO] AicWrapper attach AIC 0, num_vec_core=2, num_subcore=3
[INFO] AicWrapper attach AIC 1, num_vec_core=2, num_subcore=3
[INFO] AicWrapper attach AIC 2, num_vec_core=2, num_subcore=3
[INFO] AicWrapper attach AIC 3, num_vec_core=2, num_subcore=3
[INFO] AicWrapper attach AIC 4, num_vec_core=2, num_subcore=3
[INFO] AicWrapper attach AIC 5, num_vec_core=2, num_subcore=3
[INFO] AicWrapper attach AIC 6, num_vec_core=2, num_subcore=3
[INFO] AicWrapper attach AIC 7, num_vec_core=2, num_subcore=3
[INFO] AicWrapper attach AIC 8, num_vec_core=2, num_subcore=3
[INFO] AicWrapper attach AIC 9, num_vec_core=2, num_subcore=3
[INFO] AicWrapper attach AIC 10, num_vec_core=2, num_subcore=3
[INFO] AicWrapper attach AIC 11, num_vec_core=2, num_subcore=3
[INFO] AicWrapper attach AIC 12, num_vec_core=2, num_subcore=3
[INFO] AicWrapper attach AIC 13, num_vec_core=2, num_subcore=3
[INFO] AicWrapper attach AIC 14, num_vec_core=2, num_subcore=3
[INFO] AicWrapper attach AIC 15, num_vec_core=2, num_subcore=3
[INFO] AicWrapper attach AIC 16, num_vec_core=2, num_subcore=3
[INFO] AicWrapper attach AIC 17, num_vec_core=2, num_subcore=3
[INFO] AicWrapper attach AIC 18, num_vec_core=2, num_subcore=3
[INFO] AicWrapper attach AIC 19, num_vec_core=2, num_subcore=3
[INFO] AicWrapper attach AIC 20, num_vec_core=2, num_subcore=3
[INFO] AicWrapper attach AIC 21, num_vec_core=2, num_subcore=3
[INFO] AicWrapper attach AIC 22, num_vec_core=2, num_subcore=3
[INFO] AicWrapper attach AIC 23, num_vec_core=2, num_subcore=3
[INFO] Chip 0 AIC / Scheduler / Soc periods: 200.0000 / 200.0000 / 105.0000
[INFO] chip 0 die 0 device created
>> Start ModelParsim with 20 threads for 25 thread units, mode is 0
================================================================================
>>>>                                                                        
>>>>                             " PEM MODEL "                                
>>>>             Total no. of 1 chip(s) Model Init Success!                
>>>>                                                                        
================================================================================
[INFO] Model Start Time: 2026-09-07 21:57:06
[DRVSTUB_LOG] driver_api.c:521 sendSwapBuf:swapbuf_base_addr:10000000
[DRVSTUB_LOG] driver_api.c:522 sendSwapBuf:sq:0 swapbuf_addr:10000000
[DRVSTUB_LOG] driver_api.c:521 sendSwapBuf:swapbuf_base_addr:10000000
[DRVSTUB_LOG] driver_api.c:522 sendSwapBuf:sq:1 swapbuf_addr:10000040
[DRVSTUB_LOG] driver_api.c:521 sendSwapBuf:swapbuf_base_addr:10000000
[DRVSTUB_LOG] driver_api.c:522 sendSwapBuf:sq:2 swapbuf_addr:10000080
[DRVSTUB_LOG] driver_api.c:521 sendSwapBuf:swapbuf_base_addr:10000000
[DRVSTUB_LOG] driver_api.c:522 sendSwapBuf:sq:3 swapbuf_addr:100000c0
[W907 21:57:07.942099776 NPUCachingAllocator.cpp:202] Warning: The current CANN and HDK(driver) versions require processing for 32 padding size, with memory allocation. (function operator())
[INFO] <ProfInit> Start profiling on kernel: HcPre_c12a9d608e5abdbd1728e849208025ff_0_mix_aic
[INFO]  Extract 7858 relations from kernel
[INFO]  Parse 47790 addr2line relations
[sim-app] using NPU device 0
[sim-app] x=(1, 512, 4, 4096) bf16, hc_fn=(24, 16384) fp32, hc_scale=(3,), hc_base=(24,)
[sim-app] outputs (iters=1): y=(1, 512, 4096) torch.bfloat16, post=(1, 512, 4) torch.float32, comb_frag=(1, 512, 4, 4) torch.float32
[compare] y: PASS pass_rate=99.31% (required 98.00%), max_abs_diff=3.125e-02
[compare] post: PASS pass_rate=100.00% (required 99.50%), max_abs_diff=8.667e-05
[compare] comb_frag: PASS pass_rate=100.00% (required 99.50%), max_abs_diff=6.258e-07
[compare] overall: PASS
DONE
[INFO] Model Stop Time: 2026-09-07 22:05:00
Model RUN TIME: 473270 ms
[INFO] Total tick: 465303
[INFO] Model stopped successfully.
[INFO]  Profiling running finished. All task success.
[INFO]  Core operator results run in simulator as follow:
core_name           duration_time(us)   running_time(us)    
core0.cubecore0     32.69               32.48               
core0.veccore0      101.52              101.13              
core0.veccore1      101.66              101.27              
core1.cubecore0     32.69               32.47               
core1.veccore0      101.63              101.24              
core1.veccore1      101.77              101.38              
core10.cubecore0    32.69               32.47               
core10.veccore0     101.63              101.06              
core10.veccore1     101.77              101.19              
core11.cubecore0    32.68               32.46               
core11.veccore0     101.68              101.28              
core11.veccore1     101.54              101.15              
core12.cubecore0    32.68               32.46               
core12.veccore0     101.6               101.2               
core12.veccore1     101.46              101.07              
core13.cubecore0    32.68               32.46               
core13.veccore0     101.47              101.08              
core13.veccore1     101.6               101.21              
core14.cubecore0    32.68               32.46               
core14.veccore0     101.37              100.98              
core14.veccore1     101.5               101.11              
core15.cubecore0    32.68               32.46               
core15.veccore0     101.61              101.22              
core15.veccore1     101.48              101.08              
core16.cubecore0    32.68               32.45               
core16.veccore0     101.57              101.18              
core16.veccore1     101.43              101.03              
core17.cubecore0    32.68               32.45               
core17.veccore0     101.62              101.23              
core17.veccore1     101.48              101.09              
core18.cubecore0    32.67               32.46               
core18.veccore0     101.43              101.04              
core18.veccore1     101.57              101.18              
core19.cubecore0    32.68               32.46               
core19.veccore0     101.53              101.13              
core19.veccore1     101.67              101.28              
core2.cubecore0     32.69               32.48               
core2.veccore0      101.38              100.99              
core2.veccore1      101.52              101.13              
core20.cubecore0    32.68               32.45               
core20.veccore0     101.58              101.19              
core20.veccore1     101.72              101.32              
core21.cubecore0    32.67               32.46               
core21.veccore0     101.61              101.04              
core21.veccore1     101.75              101.18              
core22.cubecore0    32.67               32.46               
core22.veccore0     101.47              100.93              
core22.veccore1     101.61              101.07              
core23.cubecore0    32.67               32.47               
core23.veccore0     72.75               72.53               
core23.veccore1     32.99               32.39               
core3.cubecore0     32.69               32.47               
core3.veccore0      101.44              101.05              
core3.veccore1      101.58              101.19              
core4.cubecore0     32.69               32.47               
core4.veccore0      101.49              101.1               
core4.veccore1      101.63              101.24              
core5.cubecore0     32.69               32.47               
core5.veccore0      101.51              101.12              
core5.veccore1      101.65              101.26              
core6.cubecore0     32.69               32.47               
core6.veccore0      101.72              101.33              
core6.veccore1      101.86              101.47              
core7.cubecore0     32.69               32.46               
core7.veccore0      101.85              101.47              
core7.veccore1      101.72              101.32              
core8.cubecore0     32.69               32.46               
core8.veccore0      101.56              101.16              
core8.veccore1      101.7               101.3               
core9.cubecore0     32.69               32.46               
core9.veccore0      101.44              101.04              
core9.veccore1      101.57              101.18              
[INFO]  Start parse dump file
[INFO]  Profiling results saved in /root/HcPre/sim_out/OPPROF_20260907215702_SLWFTXEOSSWXMMIJ
[INFO]  Profiling data parse finished.
[INFO]  Op profiling finish. Welcome to next use.
--- sim csv summary ---
found 72 cores with instr_exe.csv; showing top 8 by total cycles

=== core15.veccore1  total=3077786 cycles ===
    VECTOR           81.1%
    MTE3              8.3%
    SCALAR            6.5%
    MTE2              3.5%
    FLOWCTRL          0.6%
    ALL               0.0%
    top: BAR pipe=VECTOR calls=627 cycles=380596
    top: BAR pipe=VECTOR calls=9 cycles=216271
    top: BAR pipe=VECTOR calls=209 cycles=131591

=== core14.veccore1  total=3076927 cycles ===
    VECTOR           81.2%
    MTE3              8.2%
    SCALAR            6.5%
    MTE2              3.5%
    FLOWCTRL          0.6%
    ALL               0.0%
    top: BAR pipe=VECTOR calls=627 cycles=380596
    top: BAR pipe=VECTOR calls=9 cycles=216388
    top: BAR pipe=VECTOR calls=209 cycles=131591

=== core3.veccore1  total=3076870 cycles ===
    VECTOR           81.2%
    MTE3              8.1%
    SCALAR            6.6%
    MTE2              3.5%
    FLOWCTRL          0.6%
