
===== [hc_pre.run] msprof simulator (b=1, bs=512, soc=Ascend910_9382) [mode=cann_container] =====
[env] ASCEND_HOME_PATH=/usr/local/Ascend/cann-9.1.0
=================================================================
                   >>>>>   MindStudio   <<<<<
    THE END-TO-END TOOLCHAIN TO UNLEASH HUAWEI ASCEND COMPUTE
=================================================================

[WARN]  The option "--application" will be deprecated in future version. It is recommended to specify <app> [arguments] instead.
[WARN]  Currently, the root permission is used, which is unrecommended. Please ensure the security of the execution environment and programs.
[INFO]  Op profiling analysis start.
[INFO]  Running simulation task: Binary Simulation Running, use simulator Ascend910 9382 by --soc-version
[W907 22:39:37.137490195 FunctionLoader.cpp:48] Warning: LD_PRELOAD detected, FunctionLoader prefers RTLD_DEFAULT for symbol resolution. (function operator())
[INFO] Config file [config_stars.json] from environment variable [CAMODEL_CONFIG_PATH]. Path: /root/HcPre/sim_out/OPPROF_20260907223936_WIIRLSGGVXMSHMBU/device0/tmp_dump/config/config_stars.json
[INFO] Config file is found, path is /root/HcPre/sim_out/OPPROF_20260907223936_WIIRLSGGVXMSHMBU/device0/tmp_dump/config/config_stars.json.
[FuncCache]: size:0x20000, line_size:128, way_num:16, line_num:1024, idx_num:64
             idx_lsb:7, idx_mask:0x3f, tag_lsb:13, tag_mask:0xffffffffffffffff, ofst_mask:0x7f

[TmSim]: Run in parallel worker mode, core num is: 24

[INFO] Config file [config.json] from environment variable [CAMODEL_CONFIG_PATH]. Path: /root/HcPre/sim_out/OPPROF_20260907223936_WIIRLSGGVXMSHMBU/device0/tmp_dump/config/config.json
[INFO] AicWrapper attach AIC 0, num_vec_core=2, num_subcore=3
[INFO] AicWrapper attach AIC 1, num_vec_core=2, num_subcore=3
[INFO] AicWrapper attach AIC 2, num_vec_core=2, num_subcore=3
[INFO] AicWrapper attach AIC 3, num_vec_core=2, num_subcore=3
[INFO] AicWrapper attach AIC 4, num_vec_core=2, num_subcore=3
[INFO] AicWrapper attach AIC 5, num_vec_core=2, num_subcore=3
[INFO] AicWrapper attach AIC 6, num_vec_core=2, num_subcore=3
[INFO] AicWrapper attach AIC 7, num_vec_core=2, num_subcore=3
[INFO] AicWrapper attach AIC 8, num_vec_core=2, num_subcore=3
[INFO] AicWrapper attach AIC 9, num_vec_core=2, num_subcore=3
[INFO] AicWrapper attach AIC 10, num_vec_core=2, num_subcore=3
[INFO] AicWrapper attach AIC 11, num_vec_core=2, num_subcore=3
[INFO] AicWrapper attach AIC 12, num_vec_core=2, num_subcore=3
[INFO] AicWrapper attach AIC 13, num_vec_core=2, num_subcore=3
[INFO] AicWrapper attach AIC 14, num_vec_core=2, num_subcore=3
[INFO] AicWrapper attach AIC 15, num_vec_core=2, num_subcore=3
[INFO] AicWrapper attach AIC 16, num_vec_core=2, num_subcore=3
[INFO] AicWrapper attach AIC 17, num_vec_core=2, num_subcore=3
[INFO] AicWrapper attach AIC 18, num_vec_core=2, num_subcore=3
[INFO] AicWrapper attach AIC 19, num_vec_core=2, num_subcore=3
[INFO] AicWrapper attach AIC 20, num_vec_core=2, num_subcore=3
[INFO] AicWrapper attach AIC 21, num_vec_core=2, num_subcore=3
[INFO] AicWrapper attach AIC 22, num_vec_core=2, num_subcore=3
[INFO] AicWrapper attach AIC 23, num_vec_core=2, num_subcore=3
[INFO] Chip 0 AIC / Scheduler / Soc periods: 200.0000 / 200.0000 / 105.0000
[INFO] chip 0 die 0 device created
>> Start ModelParsim with 20 threads for 25 thread units, mode is 0
================================================================================
>>>>                                                                        
>>>>                             " PEM MODEL "                                
>>>>             Total no. of 1 chip(s) Model Init Success!                
>>>>                                                                        
================================================================================
[INFO] Model Start Time: 2026-09-07 22:39:41
[DRVSTUB_LOG] driver_api.c:521 sendSwapBuf:swapbuf_base_addr:10000000
[DRVSTUB_LOG] driver_api.c:522 sendSwapBuf:sq:0 swapbuf_addr:10000000
[DRVSTUB_LOG] driver_api.c:521 sendSwapBuf:swapbuf_base_addr:10000000
[DRVSTUB_LOG] driver_api.c:522 sendSwapBuf:sq:1 swapbuf_addr:10000040
[DRVSTUB_LOG] driver_api.c:521 sendSwapBuf:swapbuf_base_addr:10000000
[DRVSTUB_LOG] driver_api.c:522 sendSwapBuf:sq:2 swapbuf_addr:10000080
[DRVSTUB_LOG] driver_api.c:521 sendSwapBuf:swapbuf_base_addr:10000000
[DRVSTUB_LOG] driver_api.c:522 sendSwapBuf:sq:3 swapbuf_addr:100000c0
[W907 22:39:41.907052516 NPUCachingAllocator.cpp:202] Warning: The current CANN and HDK(driver) versions require processing for 32 padding size, with memory allocation. (function operator())
[INFO] <ProfInit> Start profiling on kernel: HcPre_c12a9d608e5abdbd1728e849208025ff_0_mix_aic
[INFO]  Extract 7922 relations from kernel
[INFO]  Parse 47981 addr2line relations
[sim-app] using NPU device 0
[sim-app] x=(1, 512, 4, 4096) bf16, hc_fn=(24, 16384) fp32, hc_scale=(3,), hc_base=(24,)
[sim-app] outputs (iters=1): y=(1, 512, 4096) torch.bfloat16, post=(1, 512, 4) torch.float32, comb_frag=(1, 512, 4, 4) torch.float32
[compare] y: PASS pass_rate=99.31% (required 98.00%), max_abs_diff=3.125e-02
[compare] post: PASS pass_rate=100.00% (required 99.50%), max_abs_diff=8.667e-05
[compare] comb_frag: PASS pass_rate=100.00% (required 99.50%), max_abs_diff=6.258e-07
[compare] overall: PASS
DONE
[INFO] Model Stop Time: 2026-09-07 22:47:34
Model RUN TIME: 473712 ms
[INFO] Total tick: 465249
[INFO] Model stopped successfully.
[INFO]  Profiling running finished. All task success.
[INFO]  Core operator results run in simulator as follow:
core_name           duration_time(us)   running_time(us)    
core0.cubecore0     34.79               34.57               
core0.veccore0      103.31              103.13              
core0.veccore1      103.45              103.27              
core1.cubecore0     34.79               34.58               
core1.veccore0      103.44              103.26              
core1.veccore1      103.3               103.12              
core10.cubecore0    34.78               34.57               
core10.veccore0     103.26              103.09              
core10.veccore1     103.4               103.22              
core11.cubecore0    34.78               34.56               
core11.veccore0     103.39              103.2               
core11.veccore1     103.53              103.34              
core12.cubecore0    34.78               34.56               
core12.veccore0     103.3               103.11              
core12.veccore1     103.44              103.24              
core13.cubecore0    34.78               34.55               
core13.veccore0     103.53              103.35              
core13.veccore1     103.67              103.48              
core14.cubecore0    34.78               34.55               
core14.veccore0     103.36              103.18              
core14.veccore1     103.5               103.31              
core15.cubecore0    34.77               34.56               
core15.veccore0     103.69              103.5               
core15.veccore1     103.56              103.36              
core16.cubecore0    34.78               34.55               
core16.veccore0     103.29              103.1               
core16.veccore1     103.42              103.24              
core17.cubecore0    34.77               34.55               
core17.veccore0     103.46              103.28              
core17.veccore1     103.32              103.13              
core18.cubecore0    34.77               34.55               
core18.veccore0     103.27              103.08              
core18.veccore1     103.41              103.23              
core19.cubecore0    34.77               34.55               
core19.veccore0     103.29              103.1               
core19.veccore1     103.43              103.25              
core2.cubecore0     34.79               34.57               
core2.veccore0      103.54              103.36              
core2.veccore1      103.4               103.22              
core20.cubecore0    34.77               34.55               
core20.veccore0     103.41              103.22              
core20.veccore1     103.27              103.08              
core21.cubecore0    34.77               34.55               
core21.veccore0     103.61              103.44              
core21.veccore1     103.47              103.3               
core22.cubecore0    34.77               34.56               
core22.veccore0     103.43              103.27              
core22.veccore1     103.29              103.14              
core23.cubecore0    34.77               34.57               
core23.veccore0     74.6                74.57               
core23.veccore1     34.88               34.49               
core3.cubecore0     34.79               34.57               
core3.veccore0      103.52              103.34              
core3.veccore1      103.38              103.2               
core4.cubecore0     34.79               34.57               
core4.veccore0      103.73              103.54              
core4.veccore1      103.59              103.4               
core5.cubecore0     34.79               34.56               
core5.veccore0      103.44              103.26              
core5.veccore1      103.3               103.12              
core6.cubecore0     34.79               34.57               
core6.veccore0      103.61              103.43              
core6.veccore1      103.47              103.29              
core7.cubecore0     34.79               34.56               
core7.veccore0      103.38              103.2               
core7.veccore1      103.52              103.34              
core8.cubecore0     34.79               34.56               
core8.veccore0      103.44              103.26              
core8.veccore1      103.3               103.12              
core9.cubecore0     34.78               34.56               
core9.veccore0      103.3               103.12              
core9.veccore1      103.44              103.25              
[INFO]  Start parse dump file
[INFO]  Profiling results saved in /root/HcPre/sim_out/OPPROF_20260907223936_WIIRLSGGVXMSHMBU
[INFO]  Profiling data parse finished.
[INFO]  Op profiling finish. Welcome to next use.
--- sim csv summary ---
found 72 cores with instr_exe.csv; showing top 8 by total cycles

=== core16.veccore0  total=3083266 cycles ===
    VECTOR           80.9%
    MTE3              8.3%
    SCALAR            6.6%
    MTE2              3.5%
    FLOWCTRL          0.6%
    ALL               0.0%
    top: BAR pipe=VECTOR calls=627 cycles=380011
    top: BAR pipe=VECTOR calls=9 cycles=216015
    top: BAR pipe=VECTOR calls=209 cycles=130299

=== core4.veccore0  total=3074276 cycles ===
    VECTOR           81.6%
    MTE3              7.7%
    SCALAR            6.6%
    MTE2              3.5%
    FLOWCTRL          0.6%
    ALL               0.0%
    top: BAR pipe=VECTOR calls=627 cycles=380022
    top: BAR pipe=VECTOR calls=9 cycles=217859
    top: BAR pipe=VECTOR calls=209 cycles=130303

=== core13.veccore1  total=3073516 cycles ===
    VECTOR           81.5%
    MTE3              7.8%
    SCALAR            6.6%
    MTE2              3.4%
    FLOWCTRL          0.6%
