
===== [hc_pre.run] msprof simulator (b=1, bs=512, soc=Ascend910_9382) [mode=cann_container] =====
[env] ASCEND_HOME_PATH=/usr/local/Ascend/cann-9.1.0
[WARN]  The option "--application" will be deprecated in future version. It is recommended to specify <app> [arguments] instead.
=================================================================
                   >>>>>   MindStudio   <<<<<
    THE END-TO-END TOOLCHAIN TO UNLEASH HUAWEI ASCEND COMPUTE
=================================================================

[WARN]  Currently, the root permission is used, which is unrecommended. Please ensure the security of the execution environment and programs.
[INFO]  Op profiling analysis start.
[INFO]  Running simulation task: Binary Simulation Running, use simulator Ascend910 9382 by --soc-version
[W907 22:21:02.923728521 FunctionLoader.cpp:48] Warning: LD_PRELOAD detected, FunctionLoader prefers RTLD_DEFAULT for symbol resolution. (function operator())
[INFO] Config file [config_stars.json] from environment variable [CAMODEL_CONFIG_PATH]. Path: /root/HcPre/sim_out/OPPROF_20260907222100_OIIKMPBLNCDUAECU/device0/tmp_dump/config/config_stars.json
[INFO] Config file is found, path is /root/HcPre/sim_out/OPPROF_20260907222100_OIIKMPBLNCDUAECU/device0/tmp_dump/config/config_stars.json.
[FuncCache]: size:0x20000, line_size:128, way_num:16, line_num:1024, idx_num:64
             idx_lsb:7, idx_mask:0x3f, tag_lsb:13, tag_mask:0xffffffffffffffff, ofst_mask:0x7f

[TmSim]: Run in parallel worker mode, core num is: 24

[INFO] Config file [config.json] from environment variable [CAMODEL_CONFIG_PATH]. Path: /root/HcPre/sim_out/OPPROF_20260907222100_OIIKMPBLNCDUAECU/device0/tmp_dump/config/config.json
[INFO] AicWrapper attach AIC 0, num_vec_core=2, num_subcore=3
[INFO] AicWrapper attach AIC 1, num_vec_core=2, num_subcore=3
[INFO] AicWrapper attach AIC 2, num_vec_core=2, num_subcore=3
[INFO] AicWrapper attach AIC 3, num_vec_core=2, num_subcore=3
[INFO] AicWrapper attach AIC 4, num_vec_core=2, num_subcore=3
[INFO] AicWrapper attach AIC 5, num_vec_core=2, num_subcore=3
[INFO] AicWrapper attach AIC 6, num_vec_core=2, num_subcore=3
[INFO] AicWrapper attach AIC 7, num_vec_core=2, num_subcore=3
[INFO] AicWrapper attach AIC 8, num_vec_core=2, num_subcore=3
[INFO] AicWrapper attach AIC 9, num_vec_core=2, num_subcore=3
[INFO] AicWrapper attach AIC 10, num_vec_core=2, num_subcore=3
[INFO] AicWrapper attach AIC 11, num_vec_core=2, num_subcore=3
[INFO] AicWrapper attach AIC 12, num_vec_core=2, num_subcore=3
[INFO] AicWrapper attach AIC 13, num_vec_core=2, num_subcore=3
[INFO] AicWrapper attach AIC 14, num_vec_core=2, num_subcore=3
[INFO] AicWrapper attach AIC 15, num_vec_core=2, num_subcore=3
[INFO] AicWrapper attach AIC 16, num_vec_core=2, num_subcore=3
[INFO] AicWrapper attach AIC 17, num_vec_core=2, num_subcore=3
[INFO] AicWrapper attach AIC 18, num_vec_core=2, num_subcore=3
[INFO] AicWrapper attach AIC 19, num_vec_core=2, num_subcore=3
[INFO] AicWrapper attach AIC 20, num_vec_core=2, num_subcore=3
[INFO] AicWrapper attach AIC 21, num_vec_core=2, num_subcore=3
[INFO] AicWrapper attach AIC 22, num_vec_core=2, num_subcore=3
[INFO] AicWrapper attach AIC 23, num_vec_core=2, num_subcore=3
[INFO] Chip 0 AIC / Scheduler / Soc periods: 200.0000 / 200.0000 / 105.0000
[INFO] chip 0 die 0 device created
>> Start ModelParsim with 20 threads for 25 thread units, mode is 0
================================================================================
>>>>                                                                        
>>>>                             " PEM MODEL "                                
>>>>             Total no. of 1 chip(s) Model Init Success!                
>>>>                                                                        
================================================================================
[INFO] Model Start Time: 2026-09-07 22:21:05
[DRVSTUB_LOG] driver_api.c:521 sendSwapBuf:swapbuf_base_addr:10000000
[DRVSTUB_LOG] driver_api.c:522 sendSwapBuf:sq:0 swapbuf_addr:10000000
[DRVSTUB_LOG] driver_api.c:521 sendSwapBuf:swapbuf_base_addr:10000000
[DRVSTUB_LOG] driver_api.c:522 sendSwapBuf:sq:1 swapbuf_addr:10000040
[DRVSTUB_LOG] driver_api.c:521 sendSwapBuf:swapbuf_base_addr:10000000
[DRVSTUB_LOG] driver_api.c:522 sendSwapBuf:sq:2 swapbuf_addr:10000080
[DRVSTUB_LOG] driver_api.c:521 sendSwapBuf:swapbuf_base_addr:10000000
[DRVSTUB_LOG] driver_api.c:522 sendSwapBuf:sq:3 swapbuf_addr:100000c0
[W907 22:21:05.809170183 NPUCachingAllocator.cpp:202] Warning: The current CANN and HDK(driver) versions require processing for 32 padding size, with memory allocation. (function operator())
[INFO] <ProfInit> Start profiling on kernel: HcPre_c12a9d608e5abdbd1728e849208025ff_0_mix_aic
[INFO]  Extract 8042 relations from kernel
[INFO]  Parse 48705 addr2line relations
[sim-app] using NPU device 0
[sim-app] x=(1, 512, 4, 4096) bf16, hc_fn=(24, 16384) fp32, hc_scale=(3,), hc_base=(24,)
[sim-app] outputs (iters=1): y=(1, 512, 4096) torch.bfloat16, post=(1, 512, 4) torch.float32, comb_frag=(1, 512, 4, 4) torch.float32
[compare] y: FAIL pass_rate=0.00% (required 98.00%), max_abs_diff=7.188e-01
[compare] post: FAIL pass_rate=0.00% (required 99.50%), max_abs_diff=2.015e-01
[compare] comb_frag: FAIL pass_rate=37.85% (required 99.50%), max_abs_diff=8.394e-04
[compare] overall: FAIL
DONE
[INFO] Model Stop Time: 2026-09-07 22:28:37
Model RUN TIME: 452271 ms
[INFO] Total tick: 463009
[INFO] Model stopped successfully.
[INFO]  Profiling running finished. All task success.
[INFO]  Core operator results run in simulator as follow:
core_name           duration_time(us)   running_time(us)    
core0.cubecore0     29.09               28.88               
core0.veccore0      98.44               97.86               
core0.veccore1      98.38               98                  
core1.cubecore0     29.09               28.88               
core1.veccore0      98.06               97.68               
core1.veccore1      97.92               97.54               
core10.cubecore0    29.08               28.87               
core10.veccore0     98.09               97.52               
core10.veccore1     98.23               97.66               
core11.cubecore0    29.08               28.86               
core11.veccore0     98.4                97.83               
core11.veccore1     98.26               97.69               
core12.cubecore0    29.08               28.86               
core12.veccore0     97.86               97.48               
core12.veccore1     98                  97.62               
core13.cubecore0    29.09               28.87               
core13.veccore0     97.96               97.58               
core13.veccore1     97.82               97.44               
core14.cubecore0    29.08               28.85               
core14.veccore0     98.14               97.77               
core14.veccore1     98.2                97.62               
core15.cubecore0    29.08               28.86               
core15.veccore0     98.05               97.67               
core15.veccore1     97.91               97.53               
core16.cubecore0    29.08               28.86               
core16.veccore0     98.35               97.96               
core16.veccore1     98.21               97.83               
core17.cubecore0    29.08               28.85               
core17.veccore0     98.05               97.48               
core17.veccore1     98                  97.62               
core18.cubecore0    29.07               28.86               
core18.veccore0     98.05               97.47               
core18.veccore1     98                  97.62               
core19.cubecore0    29.08               28.85               
core19.veccore0     98.23               97.65               
core19.veccore1     97.9                97.52               
core2.cubecore0     29.09               28.88               
core2.veccore0      98.1                97.53               
core2.veccore1      98.24               97.67               
core20.cubecore0    29.08               28.86               
core20.veccore0     97.86               97.48               
core20.veccore1     98.2                97.62               
core21.cubecore0    29.07               28.86               
core21.veccore0     97.99               97.61               
core21.veccore1     97.85               97.46               
core22.cubecore0    29.08               28.87               
core22.veccore0     98.01               97.48               
core22.veccore1     98.15               97.61               
core23.cubecore0    29.07               28.87               
core23.veccore0     68.99               68.96               
core23.veccore1     29.39               28.8                
core3.cubecore0     29.09               28.88               
core3.veccore0      97.98               97.4                
core3.veccore1      97.92               97.54               
core4.cubecore0     29.09               28.87               
core4.veccore0      98.22               97.84               
core4.veccore1      98.27               97.7                
core5.cubecore0     29.09               28.87               
core5.veccore0      98.19               97.61               
core5.veccore1      98.14               97.76               
core6.cubecore0     29.09               28.87               
core6.veccore0      98.03               97.65               
core6.veccore1      98.08               97.5                
core7.cubecore0     29.09               28.87               
core7.veccore0      98.05               97.67               
core7.veccore1      97.91               97.53               
core8.cubecore0     29.09               28.86               
core8.veccore0      98.01               97.63               
core8.veccore1      97.87               97.48               
core9.cubecore0     29.08               28.86               
core9.veccore0      97.87               97.49               
core9.veccore1      98.2                97.62               
[INFO]  Start parse dump file
[INFO]  Profiling results saved in /root/HcPre/sim_out/OPPROF_20260907222100_OIIKMPBLNCDUAECU
[INFO]  Profiling data parse finished.
[INFO]  Op profiling finish. Welcome to next use.
--- sim csv summary ---
found 72 cores with instr_exe.csv; showing top 8 by total cycles

=== core9.veccore0  total=3228830 cycles ===
    VECTOR           80.5%
    MTE3              8.0%
    SCALAR            6.4%
    MTE2              4.3%
    FLOWCTRL          0.9%
    ALL               0.0%
    top: BAR pipe=VECTOR calls=627 cycles=381246
    top: BAR pipe=VECTOR calls=9 cycles=216352
    top: BAR pipe=VECTOR calls=18 cycles=158907

=== core4.veccore0  total=3228137 cycles ===
    VECTOR           80.8%
    MTE3              7.6%
    SCALAR            6.4%
    MTE2              4.3%
    FLOWCTRL          0.9%
    ALL               0.0%
    top: BAR pipe=VECTOR calls=627 cycles=381224
    top: BAR pipe=VECTOR calls=9 cycles=217993
    top: BAR pipe=VECTOR calls=18 cycles=159149

=== core0.veccore1  total=3227862 cycles ===
    VECTOR           80.9%
    MTE3              7.5%
    SCALAR            6.4%
    MTE2              4.3%
    FLOWCTRL          0.9%
