
===== [hc_pre.run] msprof simulator (b=1, bs=512, soc=Ascend910_9382) [mode=cann_container] =====
[env] ASCEND_HOME_PATH=/usr/local/Ascend/cann-9.1.0
[WARN]  The option "--application" will be deprecated in future version. It is recommended to specify <app> [arguments] instead.
=================================================================
                   >>>>>   MindStudio   <<<<<
    THE END-TO-END TOOLCHAIN TO UNLEASH HUAWEI ASCEND COMPUTE
=================================================================

[WARN]  Currently, the root permission is used, which is unrecommended. Please ensure the security of the execution environment and programs.
[INFO]  Op profiling analysis start.
[INFO]  Running simulation task: Binary Simulation Running, use simulator Ascend910 9382 by --soc-version
[W907 23:00:55.971507482 FunctionLoader.cpp:48] Warning: LD_PRELOAD detected, FunctionLoader prefers RTLD_DEFAULT for symbol resolution. (function operator())
[INFO] Config file [config_stars.json] from environment variable [CAMODEL_CONFIG_PATH]. Path: /root/HcPre/sim_out/OPPROF_20260907230054_CJBZUKAMVWBZVCPD/device0/tmp_dump/config/config_stars.json
[INFO] Config file is found, path is /root/HcPre/sim_out/OPPROF_20260907230054_CJBZUKAMVWBZVCPD/device0/tmp_dump/config/config_stars.json.
[FuncCache]: size:0x20000, line_size:128, way_num:16, line_num:1024, idx_num:64
             idx_lsb:7, idx_mask:0x3f, tag_lsb:13, tag_mask:0xffffffffffffffff, ofst_mask:0x7f

[TmSim]: Run in parallel worker mode, core num is: 24

[INFO] Config file [config.json] from environment variable [CAMODEL_CONFIG_PATH]. Path: /root/HcPre/sim_out/OPPROF_20260907230054_CJBZUKAMVWBZVCPD/device0/tmp_dump/config/config.json
[INFO] AicWrapper attach AIC 0, num_vec_core=2, num_subcore=3
[INFO] AicWrapper attach AIC 1, num_vec_core=2, num_subcore=3
[INFO] AicWrapper attach AIC 2, num_vec_core=2, num_subcore=3
[INFO] AicWrapper attach AIC 3, num_vec_core=2, num_subcore=3
[INFO] AicWrapper attach AIC 4, num_vec_core=2, num_subcore=3
[INFO] AicWrapper attach AIC 5, num_vec_core=2, num_subcore=3
[INFO] AicWrapper attach AIC 6, num_vec_core=2, num_subcore=3
[INFO] AicWrapper attach AIC 7, num_vec_core=2, num_subcore=3
[INFO] AicWrapper attach AIC 8, num_vec_core=2, num_subcore=3
[INFO] AicWrapper attach AIC 9, num_vec_core=2, num_subcore=3
[INFO] AicWrapper attach AIC 10, num_vec_core=2, num_subcore=3
[INFO] AicWrapper attach AIC 11, num_vec_core=2, num_subcore=3
[INFO] AicWrapper attach AIC 12, num_vec_core=2, num_subcore=3
[INFO] AicWrapper attach AIC 13, num_vec_core=2, num_subcore=3
[INFO] AicWrapper attach AIC 14, num_vec_core=2, num_subcore=3
[INFO] AicWrapper attach AIC 15, num_vec_core=2, num_subcore=3
[INFO] AicWrapper attach AIC 16, num_vec_core=2, num_subcore=3
[INFO] AicWrapper attach AIC 17, num_vec_core=2, num_subcore=3
[INFO] AicWrapper attach AIC 18, num_vec_core=2, num_subcore=3
[INFO] AicWrapper attach AIC 19, num_vec_core=2, num_subcore=3
[INFO] AicWrapper attach AIC 20, num_vec_core=2, num_subcore=3
[INFO] AicWrapper attach AIC 21, num_vec_core=2, num_subcore=3
[INFO] AicWrapper attach AIC 22, num_vec_core=2, num_subcore=3
[INFO] AicWrapper attach AIC 23, num_vec_core=2, num_subcore=3
[INFO] Chip 0 AIC / Scheduler / Soc periods: 200.0000 / 200.0000 / 105.0000
[INFO] chip 0 die 0 device created
>> Start ModelParsim with 20 threads for 25 thread units, mode is 0
================================================================================
>>>>                                                                        
>>>>                             " PEM MODEL "                                
>>>>             Total no. of 1 chip(s) Model Init Success!                
>>>>                                                                        
================================================================================
[INFO] Model Start Time: 2026-09-07 23:00:59
[DRVSTUB_LOG] driver_api.c:521 sendSwapBuf:swapbuf_base_addr:10000000
[DRVSTUB_LOG] driver_api.c:522 sendSwapBuf:sq:0 swapbuf_addr:10000000
[DRVSTUB_LOG] driver_api.c:521 sendSwapBuf:swapbuf_base_addr:10000000
[DRVSTUB_LOG] driver_api.c:522 sendSwapBuf:sq:1 swapbuf_addr:10000040
[DRVSTUB_LOG] driver_api.c:521 sendSwapBuf:swapbuf_base_addr:10000000
[DRVSTUB_LOG] driver_api.c:522 sendSwapBuf:sq:2 swapbuf_addr:10000080
[DRVSTUB_LOG] driver_api.c:521 sendSwapBuf:swapbuf_base_addr:10000000
[DRVSTUB_LOG] driver_api.c:522 sendSwapBuf:sq:3 swapbuf_addr:100000c0
[W907 23:00:59.779290905 NPUCachingAllocator.cpp:202] Warning: The current CANN and HDK(driver) versions require processing for 32 padding size, with memory allocation. (function operator())
[INFO] <ProfInit> Start profiling on kernel: HcPre_c12a9d608e5abdbd1728e849208025ff_0_mix_aic
[INFO]  Extract 7906 relations from kernel
[INFO]  Parse 47948 addr2line relations
[sim-app] using NPU device 0
[sim-app] x=(1, 512, 4, 4096) bf16, hc_fn=(24, 16384) fp32, hc_scale=(3,), hc_base=(24,)
[sim-app] outputs (iters=1): y=(1, 512, 4096) torch.bfloat16, post=(1, 512, 4) torch.float32, comb_frag=(1, 512, 4, 4) torch.float32
[compare] y: PASS pass_rate=99.31% (required 98.00%), max_abs_diff=3.125e-02
[compare] post: PASS pass_rate=100.00% (required 99.50%), max_abs_diff=8.667e-05
[compare] comb_frag: PASS pass_rate=100.00% (required 99.50%), max_abs_diff=6.258e-07
[compare] overall: PASS
DONE
[INFO] Model Stop Time: 2026-09-07 23:09:02
Model RUN TIME: 483613 ms
[INFO] Total tick: 472004
[INFO] Model stopped successfully.
[INFO]  Profiling running finished. All task success.
[INFO]  Core operator results run in simulator as follow:
core_name           duration_time(us)   running_time(us)    
core0.cubecore0     46.47               46.26               
core0.veccore0      115.27              114.89              
core0.veccore1      115.13              114.76              
core1.cubecore0     46.47               46.25               
core1.veccore0      115.28              114.9               
core1.veccore1      115.42              115.04              
core10.cubecore0    46.46               46.24               
core10.veccore0     115.23              114.85              
core10.veccore1     115.37              114.99              
core11.cubecore0    46.46               46.24               
core11.veccore0     115.26              114.87              
core11.veccore1     115.4               115.02              
core12.cubecore0    46.46               46.23               
core12.veccore0     115.21              114.83              
core12.veccore1     115.35              114.97              
core13.cubecore0    46.46               46.24               
core13.veccore0     115.06              114.68              
core13.veccore1     115.2               114.82              
core14.cubecore0    46.46               46.23               
core14.veccore0     115.23              114.85              
core14.veccore1     115.1               114.71              
core15.cubecore0    46.46               46.23               
core15.veccore0     115.36              114.97              
core15.veccore1     115.22              114.84              
core16.cubecore0    46.46               46.23               
core16.veccore0     115.25              114.87              
core16.veccore1     115.11              114.73              
core17.cubecore0    46.45               46.23               
core17.veccore0     115.27              114.88              
core17.veccore1     115.13              114.75              
core18.cubecore0    46.46               46.24               
core18.veccore0     115.35              114.97              
core18.veccore1     115.21              114.83              
core19.cubecore0    46.45               46.23               
core19.veccore0     115.23              114.84              
core19.veccore1     115.09              114.71              
core2.cubecore0     46.47               46.25               
core2.veccore0      115.25              114.87              
core2.veccore1      115.11              114.73              
core20.cubecore0    46.45               46.23               
core20.veccore0     115.34              114.95              
core20.veccore1     115.19              114.81              
core21.cubecore0    46.45               46.23               
core21.veccore0     115.22              114.84              
core21.veccore1     115.08              114.7               
core22.cubecore0    46.45               46.24               
core22.veccore0     115.58              115.03              
core22.veccore1     115.44              114.89              
core23.cubecore0    46.45               46.24               
core23.veccore0     86.3                86.06               
core23.veccore1     46.82               46.21               
core3.cubecore0     46.47               46.25               
core3.veccore0      115.35              114.97              
core3.veccore1      115.21              114.83              
core4.cubecore0     46.47               46.25               
core4.veccore0      114.99              114.61              
core4.veccore1      115.13              114.75              
core5.cubecore0     46.47               46.25               
core5.veccore0      115.13              114.75              
core5.veccore1      115.26              114.89              
core6.cubecore0     46.47               46.25               
core6.veccore0      115.38              115                 
core6.veccore1      115.24              114.86              
core7.cubecore0     46.46               46.24               
core7.veccore0      115.12              114.74              
core7.veccore1      115.25              114.87              
core8.cubecore0     46.47               46.25               
core8.veccore0      115.07              114.68              
core8.veccore1      115.2               114.81              
core9.cubecore0     46.46               46.24               
core9.veccore0      115.06              114.68              
core9.veccore1      115.2               114.81              
