
===== [hc_pre.run] msprof simulator (b=1, bs=512, soc=Ascend910_9382) [mode=cann_container] =====
[env] ASCEND_HOME_PATH=/usr/local/Ascend/cann-9.1.0
[WARN]  The option "--application" will be deprecated in future version. It is recommended to specify <app> [arguments] instead.
=================================================================
                   >>>>>   MindStudio   <<<<<
    THE END-TO-END TOOLCHAIN TO UNLEASH HUAWEI ASCEND COMPUTE
=================================================================

[WARN]  Currently, the root permission is used, which is unrecommended. Please ensure the security of the execution environment and programs.
[INFO]  Op profiling analysis start.
[INFO]  Running simulation task: Binary Simulation Running, use simulator Ascend910 9382 by --soc-version
[W908 04:23:15.127165823 FunctionLoader.cpp:48] Warning: LD_PRELOAD detected, FunctionLoader prefers RTLD_DEFAULT for symbol resolution. (function operator())
[INFO] Config file [config_stars.json] from environment variable [CAMODEL_CONFIG_PATH]. Path: /root/HcPre/sim_out/OPPROF_20260908042314_KNMCCINXEXHPAECY/device0/tmp_dump/config/config_stars.json
[INFO] Config file is found, path is /root/HcPre/sim_out/OPPROF_20260908042314_KNMCCINXEXHPAECY/device0/tmp_dump/config/config_stars.json.
[FuncCache]: size:0x20000, line_size:128, way_num:16, line_num:1024, idx_num:64
             idx_lsb:7, idx_mask:0x3f, tag_lsb:13, tag_mask:0xffffffffffffffff, ofst_mask:0x7f

[TmSim]: Run in parallel worker mode, core num is: 24

[INFO] Config file [config.json] from environment variable [CAMODEL_CONFIG_PATH]. Path: /root/HcPre/sim_out/OPPROF_20260908042314_KNMCCINXEXHPAECY/device0/tmp_dump/config/config.json
[W908 04:23:18.730269289 NPUCachingAllocator.cpp:202] Warning: The current CANN and HDK(driver) versions require processing for 32 padding size, with memory allocation. (function operator())
[INFO] AicWrapper attach AIC 0, num_vec_core=2, num_subcore=3
[INFO] AicWrapper attach AIC 1, num_vec_core=2, num_subcore=3
[INFO] AicWrapper attach AIC 2, num_vec_core=2, num_subcore=3
[INFO] AicWrapper attach AIC 3, num_vec_core=2, num_subcore=3
[INFO] AicWrapper attach AIC 4, num_vec_core=2, num_subcore=3
[INFO] AicWrapper attach AIC 5, num_vec_core=2, num_subcore=3
[INFO] AicWrapper attach AIC 6, num_vec_core=2, num_subcore=3
[INFO] AicWrapper attach AIC 7, num_vec_core=2, num_subcore=3
[INFO] AicWrapper attach AIC 8, num_vec_core=2, num_subcore=3
[INFO] AicWrapper attach AIC 9, num_vec_core=2, num_subcore=3
[INFO] AicWrapper attach AIC 10, num_vec_core=2, num_subcore=3
[INFO] AicWrapper attach AIC 11, num_vec_core=2, num_subcore=3
[INFO] AicWrapper attach AIC 12, num_vec_core=2, num_subcore=3
[INFO] AicWrapper attach AIC 13, num_vec_core=2, num_subcore=3
[INFO] AicWrapper attach AIC 14, num_vec_core=2, num_subcore=3
[INFO] AicWrapper attach AIC 15, num_vec_core=2, num_subcore=3
[INFO] AicWrapper attach AIC 16, num_vec_core=2, num_subcore=3
[INFO] AicWrapper attach AIC 17, num_vec_core=2, num_subcore=3
[INFO] AicWrapper attach AIC 18, num_vec_core=2, num_subcore=3
[INFO] AicWrapper attach AIC 19, num_vec_core=2, num_subcore=3
[INFO] AicWrapper attach AIC 20, num_vec_core=2, num_subcore=3
[INFO] AicWrapper attach AIC 21, num_vec_core=2, num_subcore=3
[INFO] AicWrapper attach AIC 22, num_vec_core=2, num_subcore=3
[INFO] AicWrapper attach AIC 23, num_vec_core=2, num_subcore=3
[INFO] Chip 0 AIC / Scheduler / Soc periods: 200.0000 / 200.0000 / 105.0000
[INFO] chip 0 die 0 device created
>> Start ModelParsim with 20 threads for 25 thread units, mode is 0
================================================================================
>>>>                                                                        
>>>>                             " PEM MODEL "                                
>>>>             Total no. of 1 chip(s) Model Init Success!                
>>>>                                                                        
================================================================================
[INFO] Model Start Time: 2026-09-08 04:23:18
[DRVSTUB_LOG] driver_api.c:521 sendSwapBuf:swapbuf_base_addr:10000000
[DRVSTUB_LOG] driver_api.c:522 sendSwapBuf:sq:0 swapbuf_addr:10000000
[DRVSTUB_LOG] driver_api.c:521 sendSwapBuf:swapbuf_base_addr:10000000
[DRVSTUB_LOG] driver_api.c:522 sendSwapBuf:sq:1 swapbuf_addr:10000040
[DRVSTUB_LOG] driver_api.c:521 sendSwapBuf:swapbuf_base_addr:10000000
[DRVSTUB_LOG] driver_api.c:522 sendSwapBuf:sq:2 swapbuf_addr:10000080
[DRVSTUB_LOG] driver_api.c:521 sendSwapBuf:swapbuf_base_addr:10000000
[DRVSTUB_LOG] driver_api.c:522 sendSwapBuf:sq:3 swapbuf_addr:100000c0
[INFO] <ProfInit> Start profiling on kernel: HcPre_c12a9d608e5abdbd1728e849208025ff_0_mix_aic
[INFO]  Extract 7793 relations from kernel
[INFO]  Parse 47372 addr2line relations
[sim-app] using NPU device 0
[sim-app] x=(1, 512, 4, 4096) bf16, hc_fn=(24, 16384) fp32, hc_scale=(3,), hc_base=(24,)
[sim-app] outputs (iters=1): y=(1, 512, 4096) torch.bfloat16, post=(1, 512, 4) torch.float32, comb_frag=(1, 512, 4, 4) torch.float32
[compare] y: PASS pass_rate=99.31% (required 98.00%), max_abs_diff=3.125e-02
[compare] post: PASS pass_rate=100.00% (required 99.50%), max_abs_diff=8.667e-05
[compare] comb_frag: PASS pass_rate=100.00% (required 99.50%), max_abs_diff=6.258e-07
[compare] overall: PASS
DONE
[INFO] Model Stop Time: 2026-09-08 04:30:01
Model RUN TIME: 403477 ms
[INFO] Total tick: 503623
[INFO] Model stopped successfully.
[INFO]  Profiling running finished. All task success.
[INFO]  Core operator results run in simulator as follow:
core_name           duration_time(us)   running_time(us)    
core0.cubecore0     28.74               28.52               
core0.veccore0      97.44               97.03               
core0.veccore1      97.57               97.16               
core1.cubecore0     28.74               28.52               
core1.veccore0      97.33               96.92               
core1.veccore1      97.46               97.06               
core10.cubecore0    28.73               28.51               
core10.veccore0     97.41               97                  
core10.veccore1     97.27               96.86               
core11.cubecore0    28.73               28.51               
core11.veccore0     97.44               97.02               
core11.veccore1     97.58               97.17               
core12.cubecore0    28.73               28.5                
core12.veccore0     97.31               96.9                
core12.veccore1     97.17               96.76               
core13.cubecore0    28.72               28.5                
core13.veccore0     97.46               97.06               
core13.veccore1     97.33               96.92               
core14.cubecore0    28.72               28.5                
core14.veccore0     97.35               96.94               
core14.veccore1     97.21               96.8                
core15.cubecore0    28.72               28.5                
core15.veccore0     97.12               96.71               
core15.veccore1     97.26               96.85               
core16.cubecore0    28.72               28.5                
core16.veccore0     97.23               96.81               
core16.veccore1     97.37               96.95               
core17.cubecore0    28.72               28.5                
core17.veccore0     97.31               96.9                
core17.veccore1     97.17               96.76               
core18.cubecore0    28.72               28.5                
core18.veccore0     97.22               96.81               
core18.veccore1     97.36               96.95               
core19.cubecore0    28.72               28.5                
core19.veccore0     97.26               96.84               
core19.veccore1     97.12               96.71               
core2.cubecore0     28.73               28.52               
core2.veccore0      97.15               96.74               
core2.veccore1      97.28               96.88               
core20.cubecore0    28.71               28.49               
core20.veccore0     97.2                96.78               
core20.veccore1     97.34               96.92               
core21.cubecore0    28.71               28.5                
core21.veccore0     97.32               96.91               
core21.veccore1     97.46               97.05               
core22.cubecore0    28.71               28.51               
core22.veccore0     97.1                96.74               
core22.veccore1     97.24               96.88               
core23.cubecore0    28.71               28.51               
core23.veccore0     66.57               66.21               
core23.veccore1     29.15               28.46               
core3.cubecore0     28.73               28.52               
core3.veccore0      97.43               97.02               
core3.veccore1      97.57               97.16               
core4.cubecore0     28.74               28.52               
core4.veccore0      97.46               97.05               
core4.veccore1      97.32               96.91               
core5.cubecore0     28.73               28.51               
core5.veccore0      97.2                96.79               
core5.veccore1      97.33               96.92               
core6.cubecore0     28.73               28.51               
core6.veccore0      97.42               97.01               
core6.veccore1      97.28               96.87               
core7.cubecore0     28.73               28.51               
core7.veccore0      97.32               96.91               
core7.veccore1      97.46               97.05               
core8.cubecore0     28.73               28.51               
core8.veccore0      97.63               97.22               
core8.veccore1      97.49               97.08               
core9.cubecore0     28.73               28.5                
core9.veccore0      97.33               96.92               
core9.veccore1      97.19               96.77               
[INFO]  Start parse dump file
[INFO]  Profiling results saved in /root/HcPre/sim_out/OPPROF_20260908042314_KNMCCINXEXHPAECY
[INFO]  Profiling data parse finished.
[INFO]  Op profiling finish. Welcome to next use.
--- sim csv summary ---
found 72 cores with instr_exe.csv; showing top 8 by total cycles

=== core13.veccore0  total=3229239 cycles ===
    VECTOR           78.5%
    MTE3             10.4%
    SCALAR            6.9%
    MTE2              3.7%
    FLOWCTRL          0.5%
    ALL               0.0%
    top: BAR pipe=VECTOR calls=627 cycles=379460
    top: BAR pipe=VECTOR calls=9 cycles=217197
    top: BAR pipe=VECTOR calls=209 cycles=130610

=== core11.veccore1  total=3227560 cycles ===
    VECTOR           78.7%
    MTE3             10.2%
    SCALAR            6.9%
    MTE2              3.7%
    FLOWCTRL          0.5%
    ALL               0.0%
    top: BAR pipe=VECTOR calls=627 cycles=379460
    top: BAR pipe=VECTOR calls=9 cycles=217790
    top: BAR pipe=VECTOR calls=209 cycles=130610

=== core3.veccore1  total=3227397 cycles ===
    VECTOR           78.7%
    MTE3             10.3%
    SCALAR            6.9%
    MTE2              3.7%
    FLOWCTRL          0.5%
