
===== [hc_pre.run] msprof simulator (b=1, bs=512, soc=Ascend910_9382) [mode=cann_container] =====
[env] ASCEND_HOME_PATH=/usr/local/Ascend/cann-9.1.0
=================================================================
                   >>>>>   MindStudio   <<<<<
    THE END-TO-END TOOLCHAIN TO UNLEASH HUAWEI ASCEND COMPUTE
=================================================================

[WARN]  The option "--application" will be deprecated in future version. It is recommended to specify <app> [arguments] instead.
[WARN]  Currently, the root permission is used, which is unrecommended. Please ensure the security of the execution environment and programs.
[INFO]  Op profiling analysis start.
[INFO]  Running simulation task: Binary Simulation Running, use simulator Ascend910 9382 by --soc-version
[W908 05:52:16.897802273 FunctionLoader.cpp:48] Warning: LD_PRELOAD detected, FunctionLoader prefers RTLD_DEFAULT for symbol resolution. (function operator())
[INFO] Config file [config_stars.json] from environment variable [CAMODEL_CONFIG_PATH]. Path: /root/HcPre/sim_out/OPPROF_20260908055214_IMBMBOJSOVQXHEXK/device0/tmp_dump/config/config_stars.json
[INFO] Config file is found, path is /root/HcPre/sim_out/OPPROF_20260908055214_IMBMBOJSOVQXHEXK/device0/tmp_dump/config/config_stars.json.
[FuncCache]: size:0x20000, line_size:128, way_num:16, line_num:1024, idx_num:64
             idx_lsb:7, idx_mask:0x3f, tag_lsb:13, tag_mask:0xffffffffffffffff, ofst_mask:0x7f

[TmSim]: Run in parallel worker mode, core num is: 24

[INFO] Config file [config.json] from environment variable [CAMODEL_CONFIG_PATH]. Path: /root/HcPre/sim_out/OPPROF_20260908055214_IMBMBOJSOVQXHEXK/device0/tmp_dump/config/config.json
[W908 05:52:23.942821309 NPUCachingAllocator.cpp:202] Warning: The current CANN and HDK(driver) versions require processing for 32 padding size, with memory allocation. (function operator())
[INFO] AicWrapper attach AIC 0, num_vec_core=2, num_subcore=3
[INFO] AicWrapper attach AIC 1, num_vec_core=2, num_subcore=3
[INFO] AicWrapper attach AIC 2, num_vec_core=2, num_subcore=3
[INFO] AicWrapper attach AIC 3, num_vec_core=2, num_subcore=3
[INFO] AicWrapper attach AIC 4, num_vec_core=2, num_subcore=3
[INFO] AicWrapper attach AIC 5, num_vec_core=2, num_subcore=3
[INFO] AicWrapper attach AIC 6, num_vec_core=2, num_subcore=3
[INFO] AicWrapper attach AIC 7, num_vec_core=2, num_subcore=3
[INFO] AicWrapper attach AIC 8, num_vec_core=2, num_subcore=3
[INFO] AicWrapper attach AIC 9, num_vec_core=2, num_subcore=3
[INFO] AicWrapper attach AIC 10, num_vec_core=2, num_subcore=3
[INFO] AicWrapper attach AIC 11, num_vec_core=2, num_subcore=3
[INFO] AicWrapper attach AIC 12, num_vec_core=2, num_subcore=3
[INFO] AicWrapper attach AIC 13, num_vec_core=2, num_subcore=3
[INFO] AicWrapper attach AIC 14, num_vec_core=2, num_subcore=3
[INFO] AicWrapper attach AIC 15, num_vec_core=2, num_subcore=3
[INFO] AicWrapper attach AIC 16, num_vec_core=2, num_subcore=3
[INFO] AicWrapper attach AIC 17, num_vec_core=2, num_subcore=3
[INFO] AicWrapper attach AIC 18, num_vec_core=2, num_subcore=3
[INFO] AicWrapper attach AIC 19, num_vec_core=2, num_subcore=3
[INFO] AicWrapper attach AIC 20, num_vec_core=2, num_subcore=3
[INFO] AicWrapper attach AIC 21, num_vec_core=2, num_subcore=3
[INFO] AicWrapper attach AIC 22, num_vec_core=2, num_subcore=3
[INFO] AicWrapper attach AIC 23, num_vec_core=2, num_subcore=3
[INFO] Chip 0 AIC / Scheduler / Soc periods: 200.0000 / 200.0000 / 105.0000
[INFO] chip 0 die 0 device created
>> Start ModelParsim with 20 threads for 25 thread units, mode is 0
================================================================================
>>>>                                                                        
>>>>                             " PEM MODEL "                                
>>>>             Total no. of 1 chip(s) Model Init Success!                
>>>>                                                                        
================================================================================
[INFO] Model Start Time: 2026-09-08 05:52:22
[DRVSTUB_LOG] driver_api.c:521 sendSwapBuf:swapbuf_base_addr:10000000
[DRVSTUB_LOG] driver_api.c:522 sendSwapBuf:sq:0 swapbuf_addr:10000000
[DRVSTUB_LOG] driver_api.c:521 sendSwapBuf:swapbuf_base_addr:10000000
[DRVSTUB_LOG] driver_api.c:522 sendSwapBuf:sq:1 swapbuf_addr:10000040
[DRVSTUB_LOG] driver_api.c:521 sendSwapBuf:swapbuf_base_addr:10000000
[DRVSTUB_LOG] driver_api.c:522 sendSwapBuf:sq:2 swapbuf_addr:10000080
[DRVSTUB_LOG] driver_api.c:521 sendSwapBuf:swapbuf_base_addr:10000000
[DRVSTUB_LOG] driver_api.c:522 sendSwapBuf:sq:3 swapbuf_addr:100000c0
[INFO] <ProfInit> Start profiling on kernel: HcPre_c12a9d608e5abdbd1728e849208025ff_0_mix_aic
[INFO]  Extract 7888 relations from kernel
[INFO]  Parse 47837 addr2line relations
[sim-app] using NPU device 0
[sim-app] x=(1, 512, 4, 4096) bf16, hc_fn=(24, 16384) fp32, hc_scale=(3,), hc_base=(24,)
[sim-app] outputs (iters=1): y=(1, 512, 4096) torch.bfloat16, post=(1, 512, 4) torch.float32, comb_frag=(1, 512, 4, 4) torch.float32
[compare] y: PASS pass_rate=99.31% (required 98.00%), max_abs_diff=3.125e-02
[compare] post: PASS pass_rate=100.00% (required 99.50%), max_abs_diff=8.667e-05
[compare] comb_frag: PASS pass_rate=100.00% (required 99.50%), max_abs_diff=6.258e-07
[compare] overall: PASS
DONE
[INFO] Model Stop Time: 2026-09-08 06:00:07
Model RUN TIME: 464100 ms
[INFO] Total tick: 464013
[INFO] Model stopped successfully.
[INFO]  Profiling running finished. All task success.
[INFO]  Core operator results run in simulator as follow:
core_name           duration_time(us)   running_time(us)    
core0.cubecore0     28.64               28.42               
core0.veccore0      97.75               97.14               
core0.veccore1      97.89               97.28               
core1.cubecore0     28.63               28.42               
core1.veccore0      97.75               97.14               
core1.veccore1      97.89               97.28               
core10.cubecore0    28.63               28.42               
core10.veccore0     97.69               97.26               
core10.veccore1     97.55               97.11               
core11.cubecore0    28.63               28.41               
core11.veccore0     97.99               97.38               
core11.veccore1     97.85               97.25               
core12.cubecore0    28.62               28.4                
core12.veccore0     97.77               97.16               
core12.veccore1     97.63               97.02               
core13.cubecore0    28.62               28.41               
core13.veccore0     97.83               97.22               
core13.veccore1     97.97               97.36               
core14.cubecore0    28.62               28.4                
core14.veccore0     97.82               97.21               
core14.veccore1     97.68               97.07               
core15.cubecore0    28.62               28.4                
core15.veccore0     97.89               97.27               
core15.veccore1     97.75               97.14               
core16.cubecore0    28.62               28.4                
core16.veccore0     98.03               97.42               
core16.veccore1     97.89               97.28               
core17.cubecore0    28.62               28.4                
core17.veccore0     97.94               97.32               
core17.veccore1     97.8                97.19               
core18.cubecore0    28.62               28.4                
core18.veccore0     97.85               97.24               
core18.veccore1     97.7                97.1                
core19.cubecore0    28.62               28.4                
core19.veccore0     97.82               97.21               
core19.veccore1     97.68               97.08               
core2.cubecore0     28.64               28.42               
core2.veccore0      98.02               97.42               
core2.veccore1      98.16               97.56               
core20.cubecore0    28.62               28.4                
core20.veccore0     97.89               97.28               
core20.veccore1     98.02               97.42               
core21.cubecore0    28.62               28.4                
core21.veccore0     97.54               97.11               
core21.veccore1     97.68               97.24               
core22.cubecore0    28.62               28.41               
core22.veccore0     97.58               97.21               
core22.veccore1     97.72               97.36               
core23.cubecore0    28.62               28.41               
core23.veccore0     68.61               68.56               
core23.veccore1     29.04               28.35               
core3.cubecore0     28.63               28.42               
core3.veccore0      98.02               97.41               
core3.veccore1      97.88               97.27               
core4.cubecore0     28.64               28.42               
core4.veccore0      97.85               97.25               
core4.veccore1      97.71               97.11               
core5.cubecore0     28.64               28.41               
core5.veccore0      98                  97.39               
core5.veccore1      98.13               97.53               
core6.cubecore0     28.63               28.42               
core6.veccore0      97.86               97.26               
core6.veccore1      97.72               97.11               
core7.cubecore0     28.63               28.41               
core7.veccore0      97.9                97.29               
core7.veccore1      97.76               97.15               
core8.cubecore0     28.63               28.4                
core8.veccore0      97.76               97.15               
core8.veccore1      97.89               97.28               
core9.cubecore0     28.63               28.41               
core9.veccore0      98.01               97.4                
core9.veccore1      98.15               97.53               
[INFO]  Start parse dump file
[INFO]  Profiling results saved in /root/HcPre/sim_out/OPPROF_20260908055214_IMBMBOJSOVQXHEXK
[INFO]  Profiling data parse finished.
[INFO]  Op profiling finish. Welcome to next use.
--- sim csv summary ---
found 72 cores with instr_exe.csv; showing top 8 by total cycles

=== core19.veccore1  total=3239423 cycles ===
    VECTOR           77.7%
    MTE3             10.9%
    SCALAR            7.0%
    MTE2              3.9%
    FLOWCTRL          0.5%
    ALL               0.0%
    top: BAR pipe=VECTOR calls=627 cycles=381134
    top: BAR pipe=VECTOR calls=9 cycles=216441
    top: BAR pipe=VECTOR calls=209 cycles=131741

=== core0.veccore0  total=3235351 cycles ===
    VECTOR           77.8%
    MTE3             10.9%
    SCALAR            6.9%
    MTE2              3.9%
    FLOWCTRL          0.5%
    ALL               0.0%
    top: BAR pipe=VECTOR calls=627 cycles=381124
    top: BAR pipe=VECTOR calls=9 cycles=216521
    top: BAR pipe=VECTOR calls=209 cycles=131737

=== core1.veccore0  total=3235299 cycles ===
    VECTOR           77.8%
    MTE3             10.8%
    SCALAR            7.0%
    MTE2              3.9%
    FLOWCTRL          0.5%
