
===== [hc_pre.run] msprof simulator (b=1, bs=512, soc=Ascend910_9382) [mode=cann_container] =====
[env] ASCEND_HOME_PATH=/usr/local/Ascend/cann-9.1.0
=================================================================
                   >>>>>   MindStudio   <<<<<
    THE END-TO-END TOOLCHAIN TO UNLEASH HUAWEI ASCEND COMPUTE
=================================================================

[WARN]  The option "--application" will be deprecated in future version. It is recommended to specify <app> [arguments] instead.
[WARN]  Currently, the root permission is used, which is unrecommended. Please ensure the security of the execution environment and programs.
[INFO]  Op profiling analysis start.
[INFO]  Running simulation task: Binary Simulation Running, use simulator Ascend910 9382 by --soc-version
[W908 13:45:26.457807117 FunctionLoader.cpp:48] Warning: LD_PRELOAD detected, FunctionLoader prefers RTLD_DEFAULT for symbol resolution. (function operator())
[INFO] Config file [config_stars.json] from environment variable [CAMODEL_CONFIG_PATH]. Path: /root/HcPre/sim_out/OPPROF_20260908134524_APEPWLDJNIYXQYRA/device0/tmp_dump/config/config_stars.json
[INFO] Config file is found, path is /root/HcPre/sim_out/OPPROF_20260908134524_APEPWLDJNIYXQYRA/device0/tmp_dump/config/config_stars.json.
[FuncCache]: size:0x20000, line_size:128, way_num:16, line_num:1024, idx_num:64
             idx_lsb:7, idx_mask:0x3f, tag_lsb:13, tag_mask:0xffffffffffffffff, ofst_mask:0x7f

[TmSim]: Run in parallel worker mode, core num is: 24

[INFO] Config file [config.json] from environment variable [CAMODEL_CONFIG_PATH]. Path: /root/HcPre/sim_out/OPPROF_20260908134524_APEPWLDJNIYXQYRA/device0/tmp_dump/config/config.json
[W908 13:45:29.694189357 NPUCachingAllocator.cpp:202] Warning: The current CANN and HDK(driver) versions require processing for 32 padding size, with memory allocation. (function operator())
[INFO] AicWrapper attach AIC 0, num_vec_core=2, num_subcore=3
[INFO] AicWrapper attach AIC 1, num_vec_core=2, num_subcore=3
[INFO] AicWrapper attach AIC 2, num_vec_core=2, num_subcore=3
[INFO] AicWrapper attach AIC 3, num_vec_core=2, num_subcore=3
[INFO] AicWrapper attach AIC 4, num_vec_core=2, num_subcore=3
[INFO] AicWrapper attach AIC 5, num_vec_core=2, num_subcore=3
[INFO] AicWrapper attach AIC 6, num_vec_core=2, num_subcore=3
[INFO] AicWrapper attach AIC 7, num_vec_core=2, num_subcore=3
[INFO] AicWrapper attach AIC 8, num_vec_core=2, num_subcore=3
[INFO] AicWrapper attach AIC 9, num_vec_core=2, num_subcore=3
[INFO] AicWrapper attach AIC 10, num_vec_core=2, num_subcore=3
[INFO] AicWrapper attach AIC 11, num_vec_core=2, num_subcore=3
[INFO] AicWrapper attach AIC 12, num_vec_core=2, num_subcore=3
[INFO] AicWrapper attach AIC 13, num_vec_core=2, num_subcore=3
[INFO] AicWrapper attach AIC 14, num_vec_core=2, num_subcore=3
[INFO] AicWrapper attach AIC 15, num_vec_core=2, num_subcore=3
[INFO] AicWrapper attach AIC 16, num_vec_core=2, num_subcore=3
[INFO] AicWrapper attach AIC 17, num_vec_core=2, num_subcore=3
[INFO] AicWrapper attach AIC 18, num_vec_core=2, num_subcore=3
[INFO] AicWrapper attach AIC 19, num_vec_core=2, num_subcore=3
[INFO] AicWrapper attach AIC 20, num_vec_core=2, num_subcore=3
[INFO] AicWrapper attach AIC 21, num_vec_core=2, num_subcore=3
[INFO] AicWrapper attach AIC 22, num_vec_core=2, num_subcore=3
[INFO] AicWrapper attach AIC 23, num_vec_core=2, num_subcore=3
[INFO] Chip 0 AIC / Scheduler / Soc periods: 200.0000 / 200.0000 / 105.0000
[INFO] chip 0 die 0 device created
>> Start ModelParsim with 20 threads for 25 thread units, mode is 0
================================================================================
>>>>                                                                        
>>>>                             " PEM MODEL "                                
>>>>             Total no. of 1 chip(s) Model Init Success!                
>>>>                                                                        
================================================================================
[INFO] Model Start Time: 2026-09-08 13:45:29
[DRVSTUB_LOG] driver_api.c:521 sendSwapBuf:swapbuf_base_addr:10000000
[DRVSTUB_LOG] driver_api.c:522 sendSwapBuf:sq:0 swapbuf_addr:10000000
[DRVSTUB_LOG] driver_api.c:521 sendSwapBuf:swapbuf_base_addr:10000000
[DRVSTUB_LOG] driver_api.c:522 sendSwapBuf:sq:1 swapbuf_addr:10000040
[DRVSTUB_LOG] driver_api.c:521 sendSwapBuf:swapbuf_base_addr:10000000
[DRVSTUB_LOG] driver_api.c:522 sendSwapBuf:sq:2 swapbuf_addr:10000080
[DRVSTUB_LOG] driver_api.c:521 sendSwapBuf:swapbuf_base_addr:10000000
[DRVSTUB_LOG] driver_api.c:522 sendSwapBuf:sq:3 swapbuf_addr:100000c0
[INFO] <ProfInit> Start profiling on kernel: HcPre_c12a9d608e5abdbd1728e849208025ff_0_mix_aic
[INFO]  Extract 7807 relations from kernel
[INFO]  Parse 47156 addr2line relations
[sim-app] using NPU device 0
[sim-app] x=(1, 512, 4, 4096) bf16, hc_fn=(24, 16384) fp32, hc_scale=(3,), hc_base=(24,)
[sim-app] outputs (iters=1): y=(1, 512, 4096) torch.bfloat16, post=(1, 512, 4) torch.float32, comb_frag=(1, 512, 4, 4) torch.float32
[compare] y: PASS pass_rate=99.31% (required 98.00%), max_abs_diff=3.125e-02
[compare] post: PASS pass_rate=100.00% (required 99.50%), max_abs_diff=8.667e-05
[compare] comb_frag: FAIL pass_rate=2.65% (required 99.50%), max_abs_diff=8.481e-01
[compare] overall: FAIL
DONE
[INFO] Model Stop Time: 2026-09-08 13:51:18
Model RUN TIME: 349478 ms
[INFO] Total tick: 324142
[INFO] Model stopped successfully.
[INFO]  Profiling running finished. All task success.
[INFO]  Core operator results run in simulator as follow:
core_name           duration_time(us)   running_time(us)    
core0.cubecore0     35.87               35.72               
core0.veccore0      81.49               81.12               
core0.veccore1      81.82               81.26               
core1.cubecore0     35.87               35.72               
core1.veccore0      81.68               81.12               
core1.veccore1      81.82               81.25               
core10.cubecore0    35.87               35.71               
core10.veccore0     81.8                81.24               
core10.veccore1     81.66               81.08               
core11.cubecore0    35.86               35.7                
core11.veccore0     82.02               81.45               
core11.veccore1     81.88               81.32               
core12.cubecore0    35.86               35.7                
core12.veccore0     81.77               81.2                
core12.veccore1     81.91               81.34               
core13.cubecore0    35.86               35.7                
core13.veccore0     81.89               81.32               
core13.veccore1     82.03               81.46               
core14.cubecore0    35.86               35.7                
core14.veccore0     81.66               81.09               
core14.veccore1     81.8                81.23               
core15.cubecore0    35.86               35.7                
core15.veccore0     81.66               81.08               
core15.veccore1     81.6                81.23               
core16.cubecore0    35.86               35.7                
core16.veccore0     82.03               81.46               
core16.veccore1     81.89               81.32               
core17.cubecore0    35.85               35.7                
core17.veccore0     82.03               81.46               
core17.veccore1     81.89               81.32               
core18.cubecore0    35.86               35.7                
core18.veccore0     81.88               81.31               
core18.veccore1     82.01               81.45               
core19.cubecore0    35.86               35.7                
core19.veccore0     82.02               81.45               
core19.veccore1     81.89               81.32               
core2.cubecore0     35.87               35.72               
core2.veccore0      81.68               81.11               
core2.veccore1      81.82               81.25               
core20.cubecore0    35.85               35.69               
core20.veccore0     81.88               81.3                
core20.veccore1     82.01               81.44               
core21.cubecore0    35.85               35.7                
core21.veccore0     81.88               81.32               
core21.veccore1     82.02               81.45               
core22.cubecore0    35.85               35.71               
core22.veccore0     81.01               80.48               
core22.veccore1     81.15               80.62               
core23.cubecore0    35.85               35.72               
core23.veccore0     62.14               61.67               
core23.veccore1     36.23               35.64               
core3.cubecore0     35.87               35.71               
core3.veccore0      81.82               81.25               
core3.veccore1      81.68               81.11               
core4.cubecore0     35.87               35.72               
core4.veccore0      82.04               81.47               
core4.veccore1      81.9                81.33               
core5.cubecore0     35.87               35.71               
core5.veccore0      82.03               81.47               
core5.veccore1      81.89               81.33               
core6.cubecore0     35.86               35.71               
core6.veccore0      81.9                81.33               
core6.veccore1      82.03               81.47               
core7.cubecore0     35.86               35.71               
core7.veccore0      81.67               81.1                
core7.veccore1      81.81               81.24               
core8.cubecore0     35.86               35.71               
core8.veccore0      81.84               81.46               
core8.veccore1      81.89               81.31               
core9.cubecore0     35.86               35.7                
core9.veccore0      82.04               81.47               
core9.veccore1      81.9                81.32               
[INFO]  Start parse dump file
[INFO]  Profiling results saved in /root/HcPre/sim_out/OPPROF_20260908134524_APEPWLDJNIYXQYRA
[INFO]  Profiling data parse finished.
[INFO]  Op profiling finish. Welcome to next use.
--- sim csv summary ---
found 72 cores with instr_exe.csv; showing top 8 by total cycles

=== core8.veccore0  total=1932560 cycles ===
    VECTOR           71.1%
    MTE3             16.1%
    SCALAR            7.9%
    MTE2              3.9%
    FLOWCTRL          1.0%
    ALL               0.0%
    top: BAR pipe=VECTOR calls=627 cycles=373900
    top: BAR pipe=VECTOR calls=9 cycles=77624
    top: MOV_SRC_TO_DST_ALIGN pipe=MTE3 calls=18 cycles=77335

=== core9.veccore0  total=1931824 cycles ===
    VECTOR           71.2%
    MTE3             16.1%
    SCALAR            7.9%
    MTE2              3.8%
    FLOWCTRL          1.0%
    ALL               0.0%
    top: BAR pipe=VECTOR calls=627 cycles=373946
    top: BAR pipe=VECTOR calls=9 cycles=77664
    top: MOV_SRC_TO_DST_ALIGN pipe=MTE3 calls=18 cycles=77654

=== core18.veccore0  total=1930311 cycles ===
    VECTOR           71.0%
    MTE3             16.3%
    SCALAR            7.9%
    MTE2              3.8%
    FLOWCTRL          1.0%
