
===== [hc_pre.run] msprof simulator (b=1, bs=512, soc=Ascend910_9382) [mode=cann_container] =====
[env] ASCEND_HOME_PATH=/usr/local/Ascend/cann-9.1.0
=================================================================
                   >>>>>   MindStudio   <<<<<
    THE END-TO-END TOOLCHAIN TO UNLEASH HUAWEI ASCEND COMPUTE
=================================================================

[WARN]  The option "--application" will be deprecated in future version. It is recommended to specify <app> [arguments] instead.
[WARN]  Currently, the root permission is used, which is unrecommended. Please ensure the security of the execution environment and programs.
[INFO]  Op profiling analysis start.
[INFO]  Running simulation task: Binary Simulation Running, use simulator Ascend910 9382 by --soc-version
[W908 13:57:19.247363347 FunctionLoader.cpp:48] Warning: LD_PRELOAD detected, FunctionLoader prefers RTLD_DEFAULT for symbol resolution. (function operator())
[INFO] Config file [config_stars.json] from environment variable [CAMODEL_CONFIG_PATH]. Path: /root/HcPre/sim_out/OPPROF_20260908135717_RJOQFUXWWNOAVQKE/device0/tmp_dump/config/config_stars.json
[INFO] Config file is found, path is /root/HcPre/sim_out/OPPROF_20260908135717_RJOQFUXWWNOAVQKE/device0/tmp_dump/config/config_stars.json.
[FuncCache]: size:0x20000, line_size:128, way_num:16, line_num:1024, idx_num:64
             idx_lsb:7, idx_mask:0x3f, tag_lsb:13, tag_mask:0xffffffffffffffff, ofst_mask:0x7f

[TmSim]: Run in parallel worker mode, core num is: 24

[INFO] Config file [config.json] from environment variable [CAMODEL_CONFIG_PATH]. Path: /root/HcPre/sim_out/OPPROF_20260908135717_RJOQFUXWWNOAVQKE/device0/tmp_dump/config/config.json
[INFO] AicWrapper attach AIC 0, num_vec_core=2, num_subcore=3
[INFO] AicWrapper attach AIC 1, num_vec_core=2, num_subcore=3
[INFO] AicWrapper attach AIC 2, num_vec_core=2, num_subcore=3
[INFO] AicWrapper attach AIC 3, num_vec_core=2, num_subcore=3
[INFO] AicWrapper attach AIC 4, num_vec_core=2, num_subcore=3
[INFO] AicWrapper attach AIC 5, num_vec_core=2, num_subcore=3
[INFO] AicWrapper attach AIC 6, num_vec_core=2, num_subcore=3
[INFO] AicWrapper attach AIC 7, num_vec_core=2, num_subcore=3
[INFO] AicWrapper attach AIC 8, num_vec_core=2, num_subcore=3
[INFO] AicWrapper attach AIC 9, num_vec_core=2, num_subcore=3
[INFO] AicWrapper attach AIC 10, num_vec_core=2, num_subcore=3
[INFO] AicWrapper attach AIC 11, num_vec_core=2, num_subcore=3
[INFO] AicWrapper attach AIC 12, num_vec_core=2, num_subcore=3
[INFO] AicWrapper attach AIC 13, num_vec_core=2, num_subcore=3
[INFO] AicWrapper attach AIC 14, num_vec_core=2, num_subcore=3
[INFO] AicWrapper attach AIC 15, num_vec_core=2, num_subcore=3
[INFO] AicWrapper attach AIC 16, num_vec_core=2, num_subcore=3
[INFO] AicWrapper attach AIC 17, num_vec_core=2, num_subcore=3
[INFO] AicWrapper attach AIC 18, num_vec_core=2, num_subcore=3
[INFO] AicWrapper attach AIC 19, num_vec_core=2, num_subcore=3
[INFO] AicWrapper attach AIC 20, num_vec_core=2, num_subcore=3
[INFO] AicWrapper attach AIC 21, num_vec_core=2, num_subcore=3
[INFO] AicWrapper attach AIC 22, num_vec_core=2, num_subcore=3
[INFO] AicWrapper attach AIC 23, num_vec_core=2, num_subcore=3
[INFO] Chip 0 AIC / Scheduler / Soc periods: 200.0000 / 200.0000 / 105.0000
[INFO] chip 0 die 0 device created
>> Start ModelParsim with 20 threads for 25 thread units, mode is 0
================================================================================
>>>>                                                                        
>>>>                             " PEM MODEL "                                
>>>>             Total no. of 1 chip(s) Model Init Success!                
>>>>                                                                        
================================================================================
[INFO] Model Start Time: 2026-09-08 13:57:25
[DRVSTUB_LOG] driver_api.c:521 sendSwapBuf:swapbuf_base_addr:10000000
[DRVSTUB_LOG] driver_api.c:522 sendSwapBuf:sq:0 swapbuf_addr:10000000
[DRVSTUB_LOG] driver_api.c:521 sendSwapBuf:swapbuf_base_addr:10000000
[DRVSTUB_LOG] driver_api.c:522 sendSwapBuf:sq:1 swapbuf_addr:10000040
[DRVSTUB_LOG] driver_api.c:521 sendSwapBuf:swapbuf_base_addr:10000000
[DRVSTUB_LOG] driver_api.c:522 sendSwapBuf:sq:2 swapbuf_addr:10000080
[DRVSTUB_LOG] driver_api.c:521 sendSwapBuf:swapbuf_base_addr:10000000
[DRVSTUB_LOG] driver_api.c:522 sendSwapBuf:sq:3 swapbuf_addr:100000c0
[W908 13:57:25.991217976 NPUCachingAllocator.cpp:202] Warning: The current CANN and HDK(driver) versions require processing for 32 padding size, with memory allocation. (function operator())
[INFO] <ProfInit> Start profiling on kernel: HcPre_c12a9d608e5abdbd1728e849208025ff_0_mix_aic
[INFO]  Extract 7807 relations from kernel
[INFO]  Parse 47156 addr2line relations
[sim-app] using NPU device 0
[sim-app] x=(1, 512, 4, 4096) bf16, hc_fn=(24, 16384) fp32, hc_scale=(3,), hc_base=(24,)
[sim-app] outputs (iters=1): y=(1, 512, 4096) torch.bfloat16, post=(1, 512, 4) torch.float32, comb_frag=(1, 512, 4, 4) torch.float32
[compare] y: PASS pass_rate=99.31% (required 98.00%), max_abs_diff=3.125e-02
[compare] post: PASS pass_rate=100.00% (required 99.50%), max_abs_diff=8.667e-05
[compare] comb_frag: FAIL pass_rate=2.65% (required 99.50%), max_abs_diff=8.481e-01
[compare] overall: FAIL
DONE
[INFO] Model Stop Time: 2026-09-08 14:03:09
Model RUN TIME: 344523 ms
[INFO] Total tick: 323364
[INFO] Model stopped successfully.
[INFO]  Profiling running finished. All task success.
[INFO]  Core operator results run in simulator as follow:
core_name           duration_time(us)   running_time(us)    
core0.cubecore0     34.76               34.61               
core0.veccore0      80.57               80                  
core0.veccore1      80.71               80.14               
core1.cubecore0     34.76               34.61               
core1.veccore0      80.61               80.24               
core1.veccore1      80.94               80.37               
core10.cubecore0    34.75               34.6                
core10.veccore0     80.55               79.98               
core10.veccore1     80.69               80.11               
core11.cubecore0    34.75               34.59               
core11.veccore0     80.77               80.2                
core11.veccore1     80.91               80.34               
core12.cubecore0    34.75               34.59               
core12.veccore0     80.78               80.21               
core12.veccore1     80.92               80.34               
core13.cubecore0    34.75               34.59               
core13.veccore0     80.91               80.34               
core13.veccore1     80.76               80.19               
core14.cubecore0    34.75               34.59               
core14.veccore0     80.78               80.2                
core14.veccore1     80.92               80.35               
core15.cubecore0    34.75               34.59               
core15.veccore0     80.49               80.11               
core15.veccore1     80.54               79.97               
core16.cubecore0    34.75               34.59               
core16.veccore0     80.54               79.97               
core16.veccore1     80.49               80.11               
core17.cubecore0    34.75               34.6                
core17.veccore0     80.76               80.2                
core17.veccore1     80.9                80.34               
core18.cubecore0    34.74               34.58               
core18.veccore0     80.68               80.11               
core18.veccore1     80.35               79.98               
core19.cubecore0    34.74               34.58               
core19.veccore0     80.67               80.1                
core19.veccore1     80.54               79.97               
core2.cubecore0     34.76               34.61               
core2.veccore0      80.92               80.36               
core2.veccore1      80.79               80.22               
core20.cubecore0    34.74               34.58               
core20.veccore0     80.72               80.34               
core20.veccore1     80.77               80.2                
core21.cubecore0    34.74               34.59               
core21.veccore0     80.76               80.19               
core21.veccore1     80.9                80.33               
core22.cubecore0    34.74               34.61               
core22.veccore0     79.9                79.37               
core22.veccore1     80.04               79.51               
core23.cubecore0    34.74               34.6                
core23.veccore0     60.92               60.45               
core23.veccore1     35.12               34.53               
core3.cubecore0     34.76               34.61               
core3.veccore0      80.79               80.22               
core3.veccore1      80.92               80.36               
core4.cubecore0     34.76               34.61               
core4.veccore0      80.79               80.22               
core4.veccore1      80.92               80.35               
core5.cubecore0     34.76               34.6                
core5.veccore0      80.7                80.13               
core5.veccore1      80.56               79.99               
core6.cubecore0     34.76               34.6                
core6.veccore0      80.92               80.35               
core6.veccore1      80.78               80.21               
core7.cubecore0     34.76               34.6                
core7.veccore0      80.56               79.99               
core7.veccore1      80.69               80.13               
core8.cubecore0     34.76               34.6                
core8.veccore0      80.92               80.34               
core8.veccore1      80.77               80.2                
core9.cubecore0     34.75               34.59               
core9.veccore0      80.91               80.35               
core9.veccore1      80.58               80.2                
[INFO]  Start parse dump file
[INFO]  Profiling results saved in /root/HcPre/sim_out/OPPROF_20260908135717_RJOQFUXWWNOAVQKE
[INFO]  Profiling data parse finished.
[INFO]  Op profiling finish. Welcome to next use.
--- sim csv summary ---
found 72 cores with instr_exe.csv; showing top 8 by total cycles

=== core4.veccore1  total=1916259 cycles ===
    VECTOR           71.6%
    MTE3             15.3%
    SCALAR            7.9%
    MTE2              4.1%
    FLOWCTRL          1.1%
    ALL               0.0%
    top: BAR pipe=VECTOR calls=627 cycles=373854
    top: BAR pipe=VECTOR calls=9 cycles=77626
    top: MOV_SRC_TO_DST_ALIGN pipe=MTE3 calls=18 cycles=68627

=== core17.veccore1  total=1916174 cycles ===
    VECTOR           71.6%
    MTE3             15.3%
    SCALAR            7.9%
    MTE2              4.1%
    FLOWCTRL          1.1%
    ALL               0.0%
    top: BAR pipe=VECTOR calls=627 cycles=373868
    top: BAR pipe=VECTOR calls=9 cycles=77629
    top: MOV_SRC_TO_DST_ALIGN pipe=MTE3 calls=18 cycles=68645

=== core13.veccore1  total=1913913 cycles ===
    VECTOR           71.4%
    MTE3             15.7%
    SCALAR            8.0%
    MTE2              3.9%
    FLOWCTRL          1.1%
