
===== [hc_pre.run] msprof simulator (b=1, bs=512, soc=Ascend910_9382) [mode=cann_container] =====
[env] ASCEND_HOME_PATH=/usr/local/Ascend/cann-9.1.0
[WARN]  The option "--application" will be deprecated in future version. It is recommended to specify <app> [arguments] instead.
=================================================================
                   >>>>>   MindStudio   <<<<<
    THE END-TO-END TOOLCHAIN TO UNLEASH HUAWEI ASCEND COMPUTE
=================================================================

[WARN]  Currently, the root permission is used, which is unrecommended. Please ensure the security of the execution environment and programs.
[INFO]  Op profiling analysis start.
[INFO]  Running simulation task: Binary Simulation Running, use simulator Ascend910 9382 by --soc-version
[W909 09:19:17.800323936 FunctionLoader.cpp:48] Warning: LD_PRELOAD detected, FunctionLoader prefers RTLD_DEFAULT for symbol resolution. (function operator())
[INFO] Config file [config_stars.json] from environment variable [CAMODEL_CONFIG_PATH]. Path: /root/HcPre/sim_out/OPPROF_20260909091915_WRCDBBXRRTLLBLOL/device0/tmp_dump/config/config_stars.json
[INFO] Config file is found, path is /root/HcPre/sim_out/OPPROF_20260909091915_WRCDBBXRRTLLBLOL/device0/tmp_dump/config/config_stars.json.
[FuncCache]: size:0x20000, line_size:128, way_num:16, line_num:1024, idx_num:64
             idx_lsb:7, idx_mask:0x3f, tag_lsb:13, tag_mask:0xffffffffffffffff, ofst_mask:0x7f

[TmSim]: Run in parallel worker mode, core num is: 24

[INFO] Config file [config.json] from environment variable [CAMODEL_CONFIG_PATH]. Path: /root/HcPre/sim_out/OPPROF_20260909091915_WRCDBBXRRTLLBLOL/device0/tmp_dump/config/config.json
[W909 09:19:20.308748488 NPUCachingAllocator.cpp:202] Warning: The current CANN and HDK(driver) versions require processing for 32 padding size, with memory allocation. (function operator())
[INFO] AicWrapper attach AIC 0, num_vec_core=2, num_subcore=3
[INFO] AicWrapper attach AIC 1, num_vec_core=2, num_subcore=3
[INFO] AicWrapper attach AIC 2, num_vec_core=2, num_subcore=3
[INFO] AicWrapper attach AIC 3, num_vec_core=2, num_subcore=3
[INFO] AicWrapper attach AIC 4, num_vec_core=2, num_subcore=3
[INFO] AicWrapper attach AIC 5, num_vec_core=2, num_subcore=3
[INFO] AicWrapper attach AIC 6, num_vec_core=2, num_subcore=3
[INFO] AicWrapper attach AIC 7, num_vec_core=2, num_subcore=3
[INFO] AicWrapper attach AIC 8, num_vec_core=2, num_subcore=3
[INFO] AicWrapper attach AIC 9, num_vec_core=2, num_subcore=3
[INFO] AicWrapper attach AIC 10, num_vec_core=2, num_subcore=3
[INFO] AicWrapper attach AIC 11, num_vec_core=2, num_subcore=3
[INFO] AicWrapper attach AIC 12, num_vec_core=2, num_subcore=3
[INFO] AicWrapper attach AIC 13, num_vec_core=2, num_subcore=3
[INFO] AicWrapper attach AIC 14, num_vec_core=2, num_subcore=3
[INFO] AicWrapper attach AIC 15, num_vec_core=2, num_subcore=3
[INFO] AicWrapper attach AIC 16, num_vec_core=2, num_subcore=3
[INFO] AicWrapper attach AIC 17, num_vec_core=2, num_subcore=3
[INFO] AicWrapper attach AIC 18, num_vec_core=2, num_subcore=3
[INFO] AicWrapper attach AIC 19, num_vec_core=2, num_subcore=3
[INFO] AicWrapper attach AIC 20, num_vec_core=2, num_subcore=3
[INFO] AicWrapper attach AIC 21, num_vec_core=2, num_subcore=3
[INFO] AicWrapper attach AIC 22, num_vec_core=2, num_subcore=3
[INFO] AicWrapper attach AIC 23, num_vec_core=2, num_subcore=3
[INFO] Chip 0 AIC / Scheduler / Soc periods: 200.0000 / 200.0000 / 105.0000
[INFO] chip 0 die 0 device created
>> Start ModelParsim with 20 threads for 25 thread units, mode is 0
================================================================================
>>>>                                                                        
>>>>                             " PEM MODEL "                                
>>>>             Total no. of 1 chip(s) Model Init Success!                
>>>>                                                                        
================================================================================
[INFO] Model Start Time: 2026-09-09 09:19:20
[DRVSTUB_LOG] driver_api.c:521 sendSwapBuf:swapbuf_base_addr:10000000
[DRVSTUB_LOG] driver_api.c:522 sendSwapBuf:sq:0 swapbuf_addr:10000000
[DRVSTUB_LOG] driver_api.c:521 sendSwapBuf:swapbuf_base_addr:10000000
[DRVSTUB_LOG] driver_api.c:522 sendSwapBuf:sq:1 swapbuf_addr:10000040
[DRVSTUB_LOG] driver_api.c:521 sendSwapBuf:swapbuf_base_addr:10000000
[DRVSTUB_LOG] driver_api.c:522 sendSwapBuf:sq:2 swapbuf_addr:10000080
[DRVSTUB_LOG] driver_api.c:521 sendSwapBuf:swapbuf_base_addr:10000000
[DRVSTUB_LOG] driver_api.c:522 sendSwapBuf:sq:3 swapbuf_addr:100000c0
[INFO] <ProfInit> Start profiling on kernel: HcPre_c12a9d608e5abdbd1728e849208025ff_0_mix_aic
[INFO]  Extract 8411 relations from kernel
[INFO]  Parse 51566 addr2line relations
[sim-app] using NPU device 0
[sim-app] x=(1, 512, 4, 4096) bf16, hc_fn=(24, 16384) fp32, hc_scale=(3,), hc_base=(24,)
[sim-app] outputs (iters=1): y=(1, 512, 4096) torch.bfloat16, post=(1, 512, 4) torch.float32, comb_frag=(1, 512, 4, 4) torch.float32
[compare] y: PASS pass_rate=99.31% (required 98.00%), max_abs_diff=3.125e-02
[compare] post: PASS pass_rate=100.00% (required 99.50%), max_abs_diff=8.667e-05
[compare] comb_frag: PASS pass_rate=100.00% (required 99.50%), max_abs_diff=8.494e-07
[compare] overall: PASS
DONE
[INFO] Model Stop Time: 2026-09-09 09:25:41
Model RUN TIME: 381152 ms
[INFO] Total tick: 313270
[INFO] Model stopped successfully.
[INFO]  Profiling running finished. All task success.
[INFO]  Core operator results run in simulator as follow:
core_name           duration_time(us)   running_time(us)    
core0.cubecore0     64.17               63.98               
core0.veccore0      79.98               79.54               
core0.veccore1      79.84               79.4                
core1.cubecore0     64.17               63.98               
core1.veccore0      79.66               79.22               
core1.veccore1      79.8                79.36               
core10.cubecore0    64.16               63.97               
core10.veccore0     79.88               79.43               
core10.veccore1     80.01               79.57               
core11.cubecore0    64.15               63.96               
core11.veccore0     80.01               79.57               
core11.veccore1     79.87               79.43               
core12.cubecore0    64.15               63.96               
core12.veccore0     79.91               79.46               
core12.veccore1     79.77               79.33               
core13.cubecore0    64.15               63.96               
core13.veccore0     79.7                79.25               
core13.veccore1     79.84               79.4                
core14.cubecore0    64.15               63.95               
core14.veccore0     79.77               79.33               
core14.veccore1     79.91               79.47               
core15.cubecore0    64.15               63.96               
core15.veccore0     79.81               79.37               
core15.veccore1     79.68               79.23               
core16.cubecore0    64.15               63.95               
core16.veccore0     79.69               79.25               
core16.veccore1     79.83               79.39               
core17.cubecore0    64.15               63.95               
core17.veccore0     79.81               79.37               
core17.veccore1     79.68               79.24               
core18.cubecore0    64.15               63.96               
core18.veccore0     79.8                79.35               
core18.veccore1     79.67               79.23               
core19.cubecore0    64.15               63.95               
core19.veccore0     79.9                79.46               
core19.veccore1     79.77               79.33               
core2.cubecore0     64.16               63.98               
core2.veccore0      79.84               79.4                
core2.veccore1      79.98               79.54               
core20.cubecore0    64.14               63.95               
core20.veccore0     79.64               79.19               
core20.veccore1     79.78               79.33               
core21.cubecore0    64.15               63.96               
core21.veccore0     79.73               79.28               
core21.veccore1     79.86               79.42               
core22.cubecore0    64.1                63.96               
core22.veccore0     79.52               79.3                
core22.veccore1     79.66               79.44               
core23.cubecore0    64.1                63.96               
core23.veccore0     72.2                71.99               
core23.veccore1     63.08               62.57               
core3.cubecore0     64.16               63.97               
core3.veccore0      79.88               79.44               
core3.veccore1      79.74               79.3                
core4.cubecore0     64.16               63.97               
core4.veccore0      79.69               79.25               
core4.veccore1      79.82               79.39               
core5.cubecore0     64.16               63.97               
core5.veccore0      79.79               79.35               
core5.veccore1      79.92               79.48               
core6.cubecore0     64.16               63.97               
core6.veccore0      79.66               79.22               
core6.veccore1      79.79               79.35               
core7.cubecore0     64.16               63.97               
core7.veccore0      79.84               79.4                
core7.veccore1      79.7                79.26               
core8.cubecore0     64.16               63.96               
core8.veccore0      79.74               79.29               
core8.veccore1      79.87               79.43               
core9.cubecore0     64.16               63.96               
core9.veccore0      79.72               79.28               
core9.veccore1      79.86               79.41               
[INFO]  Start parse dump file
[INFO]  Profiling results saved in /root/HcPre/sim_out/OPPROF_20260909091915_WRCDBBXRRTLLBLOL
[INFO]  Profiling data parse finished.
[INFO]  Op profiling finish. Welcome to next use.
--- sim csv summary ---
found 72 cores with instr_exe.csv; showing top 8 by total cycles

=== core14.veccore1  total=1920577 cycles ===
    VECTOR           73.4%
    MTE3             11.2%
    SCALAR            8.1%
    MTE2              6.4%
    FLOWCTRL          0.8%
    ALL               0.1%
    top: BAR pipe=VECTOR calls=627 cycles=381794
    top: BAR pipe=VECTOR calls=110 cycles=64188
    top: BAR pipe=VECTOR calls=9 cycles=61376

=== core5.veccore1  total=1918429 cycles ===
    VECTOR           73.2%
    MTE3             11.2%
    SCALAR            8.1%
    MTE2              6.6%
    FLOWCTRL          0.8%
    ALL               0.1%
    top: BAR pipe=VECTOR calls=627 cycles=381794
    top: BAR pipe=VECTOR calls=9 cycles=61373
    top: BAR pipe=VECTOR calls=110 cycles=60248

=== core19.veccore0  total=1916361 cycles ===
    VECTOR           73.1%
    MTE3             11.3%
    SCALAR            8.1%
    MTE2              6.6%
    FLOWCTRL          0.8%
