
===== [hc_pre.run] msprof simulator (b=1, bs=512, soc=Ascend910_9382) [mode=cann_container] =====
[env] ASCEND_HOME_PATH=/usr/local/Ascend/cann-9.1.0
[WARN]  The option "--application" will be deprecated in future version. It is recommended to specify <app> [arguments] instead.
=================================================================
                   >>>>>   MindStudio   <<<<<
    THE END-TO-END TOOLCHAIN TO UNLEASH HUAWEI ASCEND COMPUTE
=================================================================

[WARN]  Currently, the root permission is used, which is unrecommended. Please ensure the security of the execution environment and programs.
[INFO]  Op profiling analysis start.
[INFO]  Running simulation task: Binary Simulation Running, use simulator Ascend910 9382 by --soc-version
[W909 03:57:52.130425749 FunctionLoader.cpp:48] Warning: LD_PRELOAD detected, FunctionLoader prefers RTLD_DEFAULT for symbol resolution. (function operator())
[INFO] Config file [config_stars.json] from environment variable [CAMODEL_CONFIG_PATH]. Path: /root/HcPre/sim_out/OPPROF_20260909035750_SWASNCQIKECQTDQE/device0/tmp_dump/config/config_stars.json
[INFO] Config file is found, path is /root/HcPre/sim_out/OPPROF_20260909035750_SWASNCQIKECQTDQE/device0/tmp_dump/config/config_stars.json.
[FuncCache]: size:0x20000, line_size:128, way_num:16, line_num:1024, idx_num:64
             idx_lsb:7, idx_mask:0x3f, tag_lsb:13, tag_mask:0xffffffffffffffff, ofst_mask:0x7f

[TmSim]: Run in parallel worker mode, core num is: 24

[INFO] Config file [config.json] from environment variable [CAMODEL_CONFIG_PATH]. Path: /root/HcPre/sim_out/OPPROF_20260909035750_SWASNCQIKECQTDQE/device0/tmp_dump/config/config.json
[INFO] AicWrapper attach AIC 0, num_vec_core=2, num_subcore=3
[INFO] AicWrapper attach AIC 1, num_vec_core=2, num_subcore=3
[INFO] AicWrapper attach AIC 2, num_vec_core=2, num_subcore=3
[INFO] AicWrapper attach AIC 3, num_vec_core=2, num_subcore=3
[INFO] AicWrapper attach AIC 4, num_vec_core=2, num_subcore=3
[INFO] AicWrapper attach AIC 5, num_vec_core=2, num_subcore=3
[INFO] AicWrapper attach AIC 6, num_vec_core=2, num_subcore=3
[INFO] AicWrapper attach AIC 7, num_vec_core=2, num_subcore=3
[INFO] AicWrapper attach AIC 8, num_vec_core=2, num_subcore=3
[INFO] AicWrapper attach AIC 9, num_vec_core=2, num_subcore=3
[INFO] AicWrapper attach AIC 10, num_vec_core=2, num_subcore=3
[INFO] AicWrapper attach AIC 11, num_vec_core=2, num_subcore=3
[INFO] AicWrapper attach AIC 12, num_vec_core=2, num_subcore=3
[INFO] AicWrapper attach AIC 13, num_vec_core=2, num_subcore=3
[INFO] AicWrapper attach AIC 14, num_vec_core=2, num_subcore=3
[INFO] AicWrapper attach AIC 15, num_vec_core=2, num_subcore=3
[INFO] AicWrapper attach AIC 16, num_vec_core=2, num_subcore=3
[INFO] AicWrapper attach AIC 17, num_vec_core=2, num_subcore=3
[INFO] AicWrapper attach AIC 18, num_vec_core=2, num_subcore=3
[INFO] AicWrapper attach AIC 19, num_vec_core=2, num_subcore=3
[INFO] AicWrapper attach AIC 20, num_vec_core=2, num_subcore=3
[INFO] AicWrapper attach AIC 21, num_vec_core=2, num_subcore=3
[INFO] AicWrapper attach AIC 22, num_vec_core=2, num_subcore=3
[INFO] AicWrapper attach AIC 23, num_vec_core=2, num_subcore=3
[INFO] Chip 0 AIC / Scheduler / Soc periods: 200.0000 / 200.0000 / 105.0000
[INFO] chip 0 die 0 device created
>> Start ModelParsim with 20 threads for 25 thread units, mode is 0
================================================================================
>>>>                                                                        
>>>>                             " PEM MODEL "                                
>>>>             Total no. of 1 chip(s) Model Init Success!                
>>>>                                                                        
================================================================================
[INFO] Model Start Time: 2026-09-09 03:57:55
[DRVSTUB_LOG] driver_api.c:521 sendSwapBuf:swapbuf_base_addr:10000000
[DRVSTUB_LOG] driver_api.c:522 sendSwapBuf:sq:0 swapbuf_addr:10000000
[DRVSTUB_LOG] driver_api.c:521 sendSwapBuf:swapbuf_base_addr:10000000
[DRVSTUB_LOG] driver_api.c:522 sendSwapBuf:sq:1 swapbuf_addr:10000040
[DRVSTUB_LOG] driver_api.c:521 sendSwapBuf:swapbuf_base_addr:10000000
[DRVSTUB_LOG] driver_api.c:522 sendSwapBuf:sq:2 swapbuf_addr:10000080
[DRVSTUB_LOG] driver_api.c:521 sendSwapBuf:swapbuf_base_addr:10000000
[DRVSTUB_LOG] driver_api.c:522 sendSwapBuf:sq:3 swapbuf_addr:100000c0
[W909 03:57:55.496008892 NPUCachingAllocator.cpp:202] Warning: The current CANN and HDK(driver) versions require processing for 32 padding size, with memory allocation. (function operator())
[INFO] <ProfInit> Start profiling on kernel: HcPre_c12a9d608e5abdbd1728e849208025ff_0_mix_aic
[INFO]  Extract 8336 relations from kernel
[INFO]  Parse 51427 addr2line relations
[sim-app] using NPU device 0
[sim-app] x=(1, 512, 4, 4096) bf16, hc_fn=(24, 16384) fp32, hc_scale=(3,), hc_base=(24,)
[sim-app] outputs (iters=1): y=(1, 512, 4096) torch.bfloat16, post=(1, 512, 4) torch.float32, comb_frag=(1, 512, 4, 4) torch.float32
[compare] y: PASS pass_rate=99.31% (required 98.00%), max_abs_diff=3.125e-02
[compare] post: PASS pass_rate=100.00% (required 99.50%), max_abs_diff=8.667e-05
[compare] comb_frag: PASS pass_rate=100.00% (required 99.50%), max_abs_diff=8.494e-07
[compare] overall: PASS
DONE
[INFO] Model Stop Time: 2026-09-09 04:03:40
Model RUN TIME: 345040 ms
[INFO] Total tick: 310294
[INFO] Model stopped successfully.
[INFO]  Profiling running finished. All task success.
[INFO]  Core operator results run in simulator as follow:
core_name           duration_time(us)   running_time(us)    
core0.cubecore0     64.26               64.06               
core0.veccore0      81.6                81.12               
core0.veccore1      81.58               81.11               
core1.cubecore0     64.26               64.06               
core1.veccore0      81.58               81.11               
core1.veccore1      81.59               81.12               
core10.cubecore0    64.24               64.05               
core10.veccore0     81.56               81.09               
core10.veccore1     81.57               81.09               
core11.cubecore0    64.25               64.05               
core11.veccore0     80.6                80.15               
core11.veccore1     80.13               79.64               
core12.cubecore0    64.25               64.04               
core12.veccore0     80.11               79.63               
core12.veccore1     80.6                80.15               
core13.cubecore0    64.25               64.05               
core13.veccore0     81.56               81.08               
core13.veccore1     81.57               81.09               
core14.cubecore0    64.24               64.04               
core14.veccore0     81.56               81.08               
core14.veccore1     81.57               81.09               
core15.cubecore0    64.24               64.05               
core15.veccore0     81.57               81.09               
core15.veccore1     81.56               81.08               
core16.cubecore0    64.24               64.04               
core16.veccore0     81.56               81.08               
core16.veccore1     81.57               81.08               
core17.cubecore0    64.24               64.04               
core17.veccore0     81.55               81.08               
core17.veccore1     81.57               81.09               
core18.cubecore0    64.24               64.05               
core18.veccore0     81.55               81.08               
core18.veccore1     81.57               81.09               
core19.cubecore0    64.24               64.04               
core19.veccore0     81.53               81.06               
core19.veccore1     81.56               81.09               
core2.cubecore0     64.26               64.06               
core2.veccore0      81.58               81.1                
core2.veccore1      81.59               81.11               
core20.cubecore0    64.24               64.04               
core20.veccore0     81.56               81.09               
core20.veccore1     81.55               81.07               
core21.cubecore0    64.24               64.04               
core21.veccore0     80.59               80.15               
core21.veccore1     80.12               79.62               
core22.cubecore0    64.19               64.05               
core22.veccore0     81.52               81.1                
core22.veccore1     81.51               81.08               
core23.cubecore0    64.19               64.04               
core23.veccore0     73.22               72.81               
core23.veccore1     63.22               62.63               
core3.cubecore0     64.26               64.06               
core3.veccore0      81.58               81.1                
core3.veccore1      81.59               81.11               
core4.cubecore0     64.26               64.06               
core4.veccore0      81.59               81.11               
core4.veccore1      81.58               81.1                
core5.cubecore0     64.25               64.06               
core5.veccore0      81.59               81.11               
core5.veccore1      81.57               81.1                
core6.cubecore0     64.25               64.06               
core6.veccore0      80.61               80.17               
core6.veccore1      80.12               79.63               
core7.cubecore0     64.25               64.05               
core7.veccore0      80.14               79.64               
core7.veccore1      80.6                80.16               
core8.cubecore0     64.25               64.05               
core8.veccore0      80.01               79.53               
core8.veccore1      80.02               79.54               
core9.cubecore0     64.25               64.05               
core9.veccore0      81.58               81.1                
core9.veccore1      81.56               81.09               
[INFO]  Start parse dump file
[INFO]  Profiling results saved in /root/HcPre/sim_out/OPPROF_20260909035750_SWASNCQIKECQTDQE
[INFO]  Profiling data parse finished.
[INFO]  Op profiling finish. Welcome to next use.
--- sim csv summary ---
found 72 cores with instr_exe.csv; showing top 8 by total cycles

=== core13.veccore0  total=1965535 cycles ===
    VECTOR           72.8%
    MTE3             12.2%
    SCALAR            7.8%
    MTE2              6.3%
    FLOWCTRL          0.9%
    ALL               0.1%
    top: BAR pipe=VECTOR calls=627 cycles=381822
    top: BAR pipe=VECTOR calls=9 cycles=66899
    top: BAR pipe=VECTOR calls=110 cycles=59696

=== core20.veccore1  total=1964787 cycles ===
    VECTOR           72.9%
    MTE3             12.1%
    SCALAR            7.8%
    MTE2              6.4%
    FLOWCTRL          0.8%
    ALL               0.1%
    top: BAR pipe=VECTOR calls=627 cycles=381822
    top: BAR pipe=VECTOR calls=9 cycles=66934
    top: BAR pipe=VECTOR calls=110 cycles=59726

=== core16.veccore1  total=1964781 cycles ===
    VECTOR           72.9%
    MTE3             12.0%
    SCALAR            7.8%
    MTE2              6.4%
    FLOWCTRL          0.8%
