
===== [hc_pre.run] msprof simulator (b=1, bs=512, soc=Ascend910_9382) [mode=cann_container] =====
[env] ASCEND_HOME_PATH=/usr/local/Ascend/cann-9.1.0
=================================================================
                   >>>>>   MindStudio   <<<<<
    THE END-TO-END TOOLCHAIN TO UNLEASH HUAWEI ASCEND COMPUTE
=================================================================

[WARN]  The option "--application" will be deprecated in future version. It is recommended to specify <app> [arguments] instead.
[WARN]  Currently, the root permission is used, which is unrecommended. Please ensure the security of the execution environment and programs.
[INFO]  Op profiling analysis start.
[INFO]  Running simulation task: Binary Simulation Running, use simulator Ascend910 9382 by --soc-version
[W909 06:50:07.093785169 FunctionLoader.cpp:48] Warning: LD_PRELOAD detected, FunctionLoader prefers RTLD_DEFAULT for symbol resolution. (function operator())
[INFO] Config file [config_stars.json] from environment variable [CAMODEL_CONFIG_PATH]. Path: /root/HcPre/sim_out/OPPROF_20260909065006_JKXHIUJPFRNYVLOR/device0/tmp_dump/config/config_stars.json
[INFO] Config file is found, path is /root/HcPre/sim_out/OPPROF_20260909065006_JKXHIUJPFRNYVLOR/device0/tmp_dump/config/config_stars.json.
[FuncCache]: size:0x20000, line_size:128, way_num:16, line_num:1024, idx_num:64
             idx_lsb:7, idx_mask:0x3f, tag_lsb:13, tag_mask:0xffffffffffffffff, ofst_mask:0x7f

[TmSim]: Run in parallel worker mode, core num is: 24

[INFO] Config file [config.json] from environment variable [CAMODEL_CONFIG_PATH]. Path: /root/HcPre/sim_out/OPPROF_20260909065006_JKXHIUJPFRNYVLOR/device0/tmp_dump/config/config.json
[W909 06:50:11.208348257 NPUCachingAllocator.cpp:202] Warning: The current CANN and HDK(driver) versions require processing for 32 padding size, with memory allocation. (function operator())
[INFO] AicWrapper attach AIC 0, num_vec_core=2, num_subcore=3
[INFO] AicWrapper attach AIC 1, num_vec_core=2, num_subcore=3
[INFO] AicWrapper attach AIC 2, num_vec_core=2, num_subcore=3
[INFO] AicWrapper attach AIC 3, num_vec_core=2, num_subcore=3
[INFO] AicWrapper attach AIC 4, num_vec_core=2, num_subcore=3
[INFO] AicWrapper attach AIC 5, num_vec_core=2, num_subcore=3
[INFO] AicWrapper attach AIC 6, num_vec_core=2, num_subcore=3
[INFO] AicWrapper attach AIC 7, num_vec_core=2, num_subcore=3
[INFO] AicWrapper attach AIC 8, num_vec_core=2, num_subcore=3
[INFO] AicWrapper attach AIC 9, num_vec_core=2, num_subcore=3
[INFO] AicWrapper attach AIC 10, num_vec_core=2, num_subcore=3
[INFO] AicWrapper attach AIC 11, num_vec_core=2, num_subcore=3
[INFO] AicWrapper attach AIC 12, num_vec_core=2, num_subcore=3
[INFO] AicWrapper attach AIC 13, num_vec_core=2, num_subcore=3
[INFO] AicWrapper attach AIC 14, num_vec_core=2, num_subcore=3
[INFO] AicWrapper attach AIC 15, num_vec_core=2, num_subcore=3
[INFO] AicWrapper attach AIC 16, num_vec_core=2, num_subcore=3
[INFO] AicWrapper attach AIC 17, num_vec_core=2, num_subcore=3
[INFO] AicWrapper attach AIC 18, num_vec_core=2, num_subcore=3
[INFO] AicWrapper attach AIC 19, num_vec_core=2, num_subcore=3
[INFO] AicWrapper attach AIC 20, num_vec_core=2, num_subcore=3
[INFO] AicWrapper attach AIC 21, num_vec_core=2, num_subcore=3
[INFO] AicWrapper attach AIC 22, num_vec_core=2, num_subcore=3
[INFO] AicWrapper attach AIC 23, num_vec_core=2, num_subcore=3
[INFO] Chip 0 AIC / Scheduler / Soc periods: 200.0000 / 200.0000 / 105.0000
[INFO] chip 0 die 0 device created
>> Start ModelParsim with 20 threads for 25 thread units, mode is 0
================================================================================
>>>>                                                                        
>>>>                             " PEM MODEL "                                
>>>>             Total no. of 1 chip(s) Model Init Success!                
>>>>                                                                        
================================================================================
[INFO] Model Start Time: 2026-09-09 06:50:10
[DRVSTUB_LOG] driver_api.c:521 sendSwapBuf:swapbuf_base_addr:10000000
[DRVSTUB_LOG] driver_api.c:522 sendSwapBuf:sq:0 swapbuf_addr:10000000
[DRVSTUB_LOG] driver_api.c:521 sendSwapBuf:swapbuf_base_addr:10000000
[DRVSTUB_LOG] driver_api.c:522 sendSwapBuf:sq:1 swapbuf_addr:10000040
[DRVSTUB_LOG] driver_api.c:521 sendSwapBuf:swapbuf_base_addr:10000000
[DRVSTUB_LOG] driver_api.c:522 sendSwapBuf:sq:2 swapbuf_addr:10000080
[DRVSTUB_LOG] driver_api.c:521 sendSwapBuf:swapbuf_base_addr:10000000
[DRVSTUB_LOG] driver_api.c:522 sendSwapBuf:sq:3 swapbuf_addr:100000c0
[INFO] <ProfInit> Start profiling on kernel: HcPre_c12a9d608e5abdbd1728e849208025ff_0_mix_aic
[INFO]  Extract 8232 relations from kernel
[INFO]  Parse 49980 addr2line relations
[sim-app] using NPU device 0
[sim-app] x=(1, 512, 4, 4096) bf16, hc_fn=(24, 16384) fp32, hc_scale=(3,), hc_base=(24,)
[sim-app] outputs (iters=1): y=(1, 512, 4096) torch.bfloat16, post=(1, 512, 4) torch.float32, comb_frag=(1, 512, 4, 4) torch.float32
[compare] y: FAIL pass_rate=0.00% (required 98.00%), max_abs_diff=6.719e+00
[compare] post: PASS pass_rate=100.00% (required 99.50%), max_abs_diff=8.667e-05
[compare] comb_frag: PASS pass_rate=100.00% (required 99.50%), max_abs_diff=8.494e-07
[compare] overall: FAIL
DONE
[INFO] Model Stop Time: 2026-09-09 06:58:18
Model RUN TIME: 487447 ms
[INFO] Total tick: 499086
[INFO] Model stopped successfully.
[INFO]  Profiling running finished. All task success.
[INFO]  Core operator results run in simulator as follow:
core_name           duration_time(us)   running_time(us)    
core0.cubecore0     170.76              170.65              
core0.veccore0      173.63              172.49              
core0.veccore1      173.63              172.49              
core1.cubecore0     170.76              170.65              
core1.veccore0      173.59              172.44              
core1.veccore1      173.56              172.56              
core10.cubecore0    170.75              170.65              
core10.veccore0     173.61              172.24              
core10.veccore1     173.61              172.24              
core11.cubecore0    170.75              170.64              
core11.veccore0     173.35              172.55              
core11.veccore1     173.56              172.42              
core12.cubecore0    170.75              170.64              
core12.veccore0     173.6               172.46              
core12.veccore1     173.6               172.46              
core13.cubecore0    170.75              170.64              
core13.veccore0     173.61              172.46              
core13.veccore1     173.61              172.47              
core14.cubecore0    170.74              170.63              
core14.veccore0     173.61              172.45              
core14.veccore1     173.6               172.45              
core15.cubecore0    170.74              170.63              
core15.veccore0     173.54              172.54              
core15.veccore1     173.56              172.42              
core16.cubecore0    170.74              170.63              
core16.veccore0     173.6               172.45              
core16.veccore1     173.6               172.44              
core17.cubecore0    170.74              170.63              
core17.veccore0     173.6               172.45              
core17.veccore1     173.6               172.46              
core18.cubecore0    170.74              170.64              
core18.veccore0     173.6               172.45              
core18.veccore1     173.6               172.45              
core19.cubecore0    170.74              170.63              
core19.veccore0     173.53              172.53              
core19.veccore1     173.55              172.41              
core2.cubecore0     170.76              170.65              
core2.veccore0      173.63              172.48              
core2.veccore1      173.62              172.48              
core20.cubecore0    170.74              170.63              
core20.veccore0     173.59              172.45              
core20.veccore1     173.59              172.44              
core21.cubecore0    170.74              170.63              
core21.veccore0     173.6               172.23              
core21.veccore1     173.6               172.24              
core22.cubecore0    170.74              170.66              
core22.veccore0     173.35              172.58              
core22.veccore1     173.55              172.43              
core23.cubecore0    170.73              170.66              
core23.veccore0     172.14              171.18              
core23.veccore1     171.38              170.76              
core3.cubecore0     170.75              170.65              
core3.veccore0      173.56              172.56              
core3.veccore1      173.58              172.43              
core4.cubecore0     170.76              170.65              
core4.veccore0      173.36              172.56              
core4.veccore1      173.57              172.44              
core5.cubecore0     170.75              170.64              
core5.veccore0      173.62              172.48              
core5.veccore1      173.62              172.47              
core6.cubecore0     170.75              170.65              
core6.veccore0      173.57              172.43              
core6.veccore1      173.35              172.54              
core7.cubecore0     170.75              170.64              
core7.veccore0      173.57              172.43              
core7.veccore1      173.55              172.55              
core8.cubecore0     170.75              170.64              
core8.veccore0      173.57              172.42              
core8.veccore1      173.35              172.55              
core9.cubecore0     170.75              170.64              
core9.veccore0      173.61              172.47              
core9.veccore1      173.61              172.45              
[INFO]  Start parse dump file
[INFO]  Profiling results saved in /root/HcPre/sim_out/OPPROF_20260909065006_JKXHIUJPFRNYVLOR
[INFO]  Profiling data parse finished.
[INFO]  Op profiling finish. Welcome to next use.
--- sim csv summary ---
found 72 cores with instr_exe.csv; showing top 8 by total cycles

=== core0.veccore0  total=2922677 cycles ===
    VECTOR           46.2%
    MTE3             39.9%
    SCALAR            7.8%
    MTE2              5.1%
    FLOWCTRL          0.7%
    ALL               0.3%
    top: BAR pipe=VECTOR calls=627 cycles=381384
    top: MOV_SRC_TO_DST_ALIGN pipe=MTE3 calls=24 cycles=283650
    top: SET_FLAG pipe=MTE3 calls=24 cycles=283626

=== core9.veccore0  total=2922422 cycles ===
    VECTOR           46.2%
    MTE3             39.9%
    SCALAR            7.8%
    MTE2              5.0%
    FLOWCTRL          0.7%
    ALL               0.3%
    top: BAR pipe=VECTOR calls=627 cycles=381384
    top: MOV_SRC_TO_DST_ALIGN pipe=MTE3 calls=24 cycles=283769
    top: SET_FLAG pipe=MTE3 calls=24 cycles=283745

=== core7.veccore0  total=2921895 cycles ===
    VECTOR           46.2%
    MTE3             39.9%
    SCALAR            7.8%
    MTE2              5.1%
    FLOWCTRL          0.7%
