
===== [hc_pre.run] msprof simulator (b=1, bs=512, soc=Ascend910_9382) [mode=cann_container] =====
[env] ASCEND_HOME_PATH=/usr/local/Ascend/cann-9.1.0
=================================================================
                   >>>>>   MindStudio   <<<<<
    THE END-TO-END TOOLCHAIN TO UNLEASH HUAWEI ASCEND COMPUTE
=================================================================

[WARN]  The option "--application" will be deprecated in future version. It is recommended to specify <app> [arguments] instead.
[WARN]  Currently, the root permission is used, which is unrecommended. Please ensure the security of the execution environment and programs.
[INFO]  Op profiling analysis start.
[INFO]  Running simulation task: Binary Simulation Running, use simulator Ascend910 9382 by --soc-version
[W909 06:31:00.041539979 FunctionLoader.cpp:48] Warning: LD_PRELOAD detected, FunctionLoader prefers RTLD_DEFAULT for symbol resolution. (function operator())
[INFO] Config file [config_stars.json] from environment variable [CAMODEL_CONFIG_PATH]. Path: /root/HcPre/sim_out/OPPROF_20260909063058_UXUAGNWAOUFJSITU/device0/tmp_dump/config/config_stars.json
[INFO] Config file is found, path is /root/HcPre/sim_out/OPPROF_20260909063058_UXUAGNWAOUFJSITU/device0/tmp_dump/config/config_stars.json.
[FuncCache]: size:0x20000, line_size:128, way_num:16, line_num:1024, idx_num:64
             idx_lsb:7, idx_mask:0x3f, tag_lsb:13, tag_mask:0xffffffffffffffff, ofst_mask:0x7f

[TmSim]: Run in parallel worker mode, core num is: 24

[INFO] Config file [config.json] from environment variable [CAMODEL_CONFIG_PATH]. Path: /root/HcPre/sim_out/OPPROF_20260909063058_UXUAGNWAOUFJSITU/device0/tmp_dump/config/config.json
[W909 06:31:03.272907589 NPUCachingAllocator.cpp:202] Warning: The current CANN and HDK(driver) versions require processing for 32 padding size, with memory allocation. (function operator())
[INFO] AicWrapper attach AIC 0, num_vec_core=2, num_subcore=3
[INFO] AicWrapper attach AIC 1, num_vec_core=2, num_subcore=3
[INFO] AicWrapper attach AIC 2, num_vec_core=2, num_subcore=3
[INFO] AicWrapper attach AIC 3, num_vec_core=2, num_subcore=3
[INFO] AicWrapper attach AIC 4, num_vec_core=2, num_subcore=3
[INFO] AicWrapper attach AIC 5, num_vec_core=2, num_subcore=3
[INFO] AicWrapper attach AIC 6, num_vec_core=2, num_subcore=3
[INFO] AicWrapper attach AIC 7, num_vec_core=2, num_subcore=3
[INFO] AicWrapper attach AIC 8, num_vec_core=2, num_subcore=3
[INFO] AicWrapper attach AIC 9, num_vec_core=2, num_subcore=3
[INFO] AicWrapper attach AIC 10, num_vec_core=2, num_subcore=3
[INFO] AicWrapper attach AIC 11, num_vec_core=2, num_subcore=3
[INFO] AicWrapper attach AIC 12, num_vec_core=2, num_subcore=3
[INFO] AicWrapper attach AIC 13, num_vec_core=2, num_subcore=3
[INFO] AicWrapper attach AIC 14, num_vec_core=2, num_subcore=3
[INFO] AicWrapper attach AIC 15, num_vec_core=2, num_subcore=3
[INFO] AicWrapper attach AIC 16, num_vec_core=2, num_subcore=3
[INFO] AicWrapper attach AIC 17, num_vec_core=2, num_subcore=3
[INFO] AicWrapper attach AIC 18, num_vec_core=2, num_subcore=3
[INFO] AicWrapper attach AIC 19, num_vec_core=2, num_subcore=3
[INFO] AicWrapper attach AIC 20, num_vec_core=2, num_subcore=3
[INFO] AicWrapper attach AIC 21, num_vec_core=2, num_subcore=3
[INFO] AicWrapper attach AIC 22, num_vec_core=2, num_subcore=3
[INFO] AicWrapper attach AIC 23, num_vec_core=2, num_subcore=3
[INFO] Chip 0 AIC / Scheduler / Soc periods: 200.0000 / 200.0000 / 105.0000
[INFO] chip 0 die 0 device created
>> Start ModelParsim with 20 threads for 25 thread units, mode is 0
================================================================================
>>>>                                                                        
>>>>                             " PEM MODEL "                                
>>>>             Total no. of 1 chip(s) Model Init Success!                
>>>>                                                                        
================================================================================
[INFO] Model Start Time: 2026-09-09 06:31:02
[DRVSTUB_LOG] driver_api.c:521 sendSwapBuf:swapbuf_base_addr:10000000
[DRVSTUB_LOG] driver_api.c:522 sendSwapBuf:sq:0 swapbuf_addr:10000000
[DRVSTUB_LOG] driver_api.c:521 sendSwapBuf:swapbuf_base_addr:10000000
[DRVSTUB_LOG] driver_api.c:522 sendSwapBuf:sq:1 swapbuf_addr:10000040
[DRVSTUB_LOG] driver_api.c:521 sendSwapBuf:swapbuf_base_addr:10000000
[DRVSTUB_LOG] driver_api.c:522 sendSwapBuf:sq:2 swapbuf_addr:10000080
[DRVSTUB_LOG] driver_api.c:521 sendSwapBuf:swapbuf_base_addr:10000000
[DRVSTUB_LOG] driver_api.c:522 sendSwapBuf:sq:3 swapbuf_addr:100000c0
[INFO] <ProfInit> Start profiling on kernel: HcPre_c12a9d608e5abdbd1728e849208025ff_0_mix_aic
[INFO]  Extract 8016 relations from kernel
[INFO]  Parse 48464 addr2line relations
[sim-app] using NPU device 0
[sim-app] x=(1, 512, 4, 4096) bf16, hc_fn=(24, 16384) fp32, hc_scale=(3,), hc_base=(24,)
[sim-app] outputs (iters=1): y=(1, 512, 4096) torch.bfloat16, post=(1, 512, 4) torch.float32, comb_frag=(1, 512, 4, 4) torch.float32
[compare] y: FAIL pass_rate=0.00% (required 98.00%), max_abs_diff=6.719e+00
[compare] post: PASS pass_rate=100.00% (required 99.50%), max_abs_diff=8.667e-05
[compare] comb_frag: PASS pass_rate=100.00% (required 99.50%), max_abs_diff=8.494e-07
[compare] overall: FAIL
DONE
[INFO] Model Stop Time: 2026-09-09 06:37:41
Model RUN TIME: 398985 ms
[INFO] Total tick: 419592
[INFO] Model stopped successfully.
[INFO]  Profiling running finished. All task success.
[INFO]  Core operator results run in simulator as follow:
core_name           duration_time(us)   running_time(us)    
core0.cubecore0     93.6                93.5                
core0.veccore0      96.34               95.32               
core0.veccore1      96.35               95.32               
core1.cubecore0     93.6                93.5                
core1.veccore0      96.35               95.32               
core1.veccore1      96.35               95.32               
core10.cubecore0    93.59               93.5                
core10.veccore0     96.22               95.2                
core10.veccore1     96.44               95.25               
core11.cubecore0    93.59               93.48               
core11.veccore0     96.32               95.29               
core11.veccore1     96.32               95.29               
core12.cubecore0    93.59               93.49               
core12.veccore0     96.32               95.29               
core12.veccore1     96.32               95.3                
core13.cubecore0    93.59               93.49               
core13.veccore0     96.32               95.3                
core13.veccore1     96.32               95.29               
core14.cubecore0    93.59               93.48               
core14.veccore0     96.32               95.29               
core14.veccore1     96.32               95.29               
core15.cubecore0    93.59               93.48               
core15.veccore0     96.31               95.28               
core15.veccore1     96.32               95.28               
core16.cubecore0    93.59               93.49               
core16.veccore0     96.32               95.29               
core16.veccore1     96.32               95.29               
core17.cubecore0    93.59               93.48               
core17.veccore0     96.32               95.29               
core17.veccore1     96.32               95.29               
core18.cubecore0    93.59               93.48               
core18.veccore0     96.2                95.18               
core18.veccore1     96.43               95.24               
core19.cubecore0    93.59               93.48               
core19.veccore0     96.31               95.28               
core19.veccore1     96.31               95.29               
core2.cubecore0     93.6                93.5                
core2.veccore0      96.46               95.26               
core2.veccore1      96.24               95.2                
core20.cubecore0    93.58               93.48               
core20.veccore0     96.43               95.24               
core20.veccore1     96.21               95.18               
core21.cubecore0    93.58               93.48               
core21.veccore0     96.31               95.29               
core21.veccore1     96.32               95.28               
core22.cubecore0    93.58               93.51               
core22.veccore0     96.12               95.33               
core22.veccore1     96.12               95.33               
core23.cubecore0    93.58               93.5                
core23.veccore0     95.01               94.04               
core23.veccore1     94.23               93.62               
core3.cubecore0     93.6                93.5                
core3.veccore0      96.34               95.32               
core3.veccore1      96.34               95.31               
core4.cubecore0     93.6                93.5                
core4.veccore0      96.45               95.26               
core4.veccore1      96.22               95.2                
core5.cubecore0     93.6                93.5                
core5.veccore0      96.34               95.32               
core5.veccore1      96.34               95.31               
core6.cubecore0     93.6                93.5                
core6.veccore0      96.33               95.3                
core6.veccore1      96.32               95.3                
core7.cubecore0     93.6                93.49               
core7.veccore0      96.33               95.31               
core7.veccore1      96.33               95.3                
core8.cubecore0     93.6                93.49               
core8.veccore0      96.33               95.31               
core8.veccore1      96.33               95.3                
core9.cubecore0     93.6                93.49               
core9.veccore0      96.33               95.3                
core9.veccore1      96.33               95.29               
[INFO]  Start parse dump file
[INFO]  Profiling results saved in /root/HcPre/sim_out/OPPROF_20260909063058_UXUAGNWAOUFJSITU
[INFO]  Profiling data parse finished.
[INFO]  Op profiling finish. Welcome to next use.
--- sim csv summary ---
found 72 cores with instr_exe.csv; showing top 8 by total cycles

=== core5.veccore0  total=1767932 cycles ===
    VECTOR           68.5%
    SCALAR           11.4%
    MTE3             10.2%
    MTE2              9.1%
    FLOWCTRL          0.7%
    ALL               0.1%
    top: BAR pipe=VECTOR calls=627 cycles=381662
    top: MOV_SRC_TO_DST_ALIGN pipe=MTE3 calls=24 cycles=97989
    top: BAR pipe=VECTOR calls=110 cycles=81688

=== core6.veccore0  total=1766857 cycles ===
    VECTOR           68.6%
    SCALAR           11.4%
    MTE3             10.2%
    MTE2              9.1%
    FLOWCTRL          0.7%
    ALL               0.1%
    top: BAR pipe=VECTOR calls=627 cycles=381662
    top: MOV_SRC_TO_DST_ALIGN pipe=MTE3 calls=24 cycles=98009
    top: BAR pipe=VECTOR calls=110 cycles=81558

=== core7.veccore1  total=1764485 cycles ===
    VECTOR           68.6%
    SCALAR           11.4%
    MTE3             10.2%
    MTE2              8.9%
    FLOWCTRL          0.7%
