
===== [hc_pre.run] msprof simulator (b=1, bs=512, soc=Ascend910_9382) [mode=cann_container] =====
[env] ASCEND_HOME_PATH=/usr/local/Ascend/cann-9.1.0
=================================================================
                   >>>>>   MindStudio   <<<<<
    THE END-TO-END TOOLCHAIN TO UNLEASH HUAWEI ASCEND COMPUTE
=================================================================

[WARN]  The option "--application" will be deprecated in future version. It is recommended to specify <app> [arguments] instead.
[WARN]  Currently, the root permission is used, which is unrecommended. Please ensure the security of the execution environment and programs.
[INFO]  Op profiling analysis start.
[INFO]  Running simulation task: Binary Simulation Running, use simulator Ascend910 9382 by --soc-version
[W909 08:00:17.707654752 FunctionLoader.cpp:48] Warning: LD_PRELOAD detected, FunctionLoader prefers RTLD_DEFAULT for symbol resolution. (function operator())
[INFO] Config file [config_stars.json] from environment variable [CAMODEL_CONFIG_PATH]. Path: /root/HcPre/sim_out/OPPROF_20260909080015_FMMWVEFJDZGUCIKO/device0/tmp_dump/config/config_stars.json
[INFO] Config file is found, path is /root/HcPre/sim_out/OPPROF_20260909080015_FMMWVEFJDZGUCIKO/device0/tmp_dump/config/config_stars.json.
[FuncCache]: size:0x20000, line_size:128, way_num:16, line_num:1024, idx_num:64
             idx_lsb:7, idx_mask:0x3f, tag_lsb:13, tag_mask:0xffffffffffffffff, ofst_mask:0x7f

[TmSim]: Run in parallel worker mode, core num is: 24

[INFO] Config file [config.json] from environment variable [CAMODEL_CONFIG_PATH]. Path: /root/HcPre/sim_out/OPPROF_20260909080015_FMMWVEFJDZGUCIKO/device0/tmp_dump/config/config.json
[W909 08:00:23.057554557 NPUCachingAllocator.cpp:202] Warning: The current CANN and HDK(driver) versions require processing for 32 padding size, with memory allocation. (function operator())
[INFO] AicWrapper attach AIC 0, num_vec_core=2, num_subcore=3
[INFO] AicWrapper attach AIC 1, num_vec_core=2, num_subcore=3
[INFO] AicWrapper attach AIC 2, num_vec_core=2, num_subcore=3
[INFO] AicWrapper attach AIC 3, num_vec_core=2, num_subcore=3
[INFO] AicWrapper attach AIC 4, num_vec_core=2, num_subcore=3
[INFO] AicWrapper attach AIC 5, num_vec_core=2, num_subcore=3
[INFO] AicWrapper attach AIC 6, num_vec_core=2, num_subcore=3
[INFO] AicWrapper attach AIC 7, num_vec_core=2, num_subcore=3
[INFO] AicWrapper attach AIC 8, num_vec_core=2, num_subcore=3
[INFO] AicWrapper attach AIC 9, num_vec_core=2, num_subcore=3
[INFO] AicWrapper attach AIC 10, num_vec_core=2, num_subcore=3
[INFO] AicWrapper attach AIC 11, num_vec_core=2, num_subcore=3
[INFO] AicWrapper attach AIC 12, num_vec_core=2, num_subcore=3
[INFO] AicWrapper attach AIC 13, num_vec_core=2, num_subcore=3
[INFO] AicWrapper attach AIC 14, num_vec_core=2, num_subcore=3
[INFO] AicWrapper attach AIC 15, num_vec_core=2, num_subcore=3
[INFO] AicWrapper attach AIC 16, num_vec_core=2, num_subcore=3
[INFO] AicWrapper attach AIC 17, num_vec_core=2, num_subcore=3
[INFO] AicWrapper attach AIC 18, num_vec_core=2, num_subcore=3
[INFO] AicWrapper attach AIC 19, num_vec_core=2, num_subcore=3
[INFO] AicWrapper attach AIC 20, num_vec_core=2, num_subcore=3
[INFO] AicWrapper attach AIC 21, num_vec_core=2, num_subcore=3
[INFO] AicWrapper attach AIC 22, num_vec_core=2, num_subcore=3
[INFO] AicWrapper attach AIC 23, num_vec_core=2, num_subcore=3
[INFO] Chip 0 AIC / Scheduler / Soc periods: 200.0000 / 200.0000 / 105.0000
[INFO] chip 0 die 0 device created
>> Start ModelParsim with 20 threads for 25 thread units, mode is 0
================================================================================
>>>>                                                                        
>>>>                             " PEM MODEL "                                
>>>>             Total no. of 1 chip(s) Model Init Success!                
>>>>                                                                        
================================================================================
[INFO] Model Start Time: 2026-09-09 08:00:23
[DRVSTUB_LOG] driver_api.c:521 sendSwapBuf:swapbuf_base_addr:10000000
[DRVSTUB_LOG] driver_api.c:522 sendSwapBuf:sq:0 swapbuf_addr:10000000
[DRVSTUB_LOG] driver_api.c:521 sendSwapBuf:swapbuf_base_addr:10000000
[DRVSTUB_LOG] driver_api.c:522 sendSwapBuf:sq:1 swapbuf_addr:10000040
[DRVSTUB_LOG] driver_api.c:521 sendSwapBuf:swapbuf_base_addr:10000000
[DRVSTUB_LOG] driver_api.c:522 sendSwapBuf:sq:2 swapbuf_addr:10000080
[DRVSTUB_LOG] driver_api.c:521 sendSwapBuf:swapbuf_base_addr:10000000
[DRVSTUB_LOG] driver_api.c:522 sendSwapBuf:sq:3 swapbuf_addr:100000c0
[INFO] <ProfInit> Start profiling on kernel: HcPre_c12a9d608e5abdbd1728e849208025ff_0_mix_aic
[INFO]  Extract 8413 relations from kernel
[INFO]  Parse 51676 addr2line relations
[sim-app] using NPU device 0
[sim-app] x=(1, 512, 4, 4096) bf16, hc_fn=(24, 16384) fp32, hc_scale=(3,), hc_base=(24,)
[sim-app] outputs (iters=1): y=(1, 512, 4096) torch.bfloat16, post=(1, 512, 4) torch.float32, comb_frag=(1, 512, 4, 4) torch.float32
[compare] y: PASS pass_rate=99.31% (required 98.00%), max_abs_diff=3.125e-02
[compare] post: PASS pass_rate=100.00% (required 99.50%), max_abs_diff=8.667e-05
[compare] comb_frag: PASS pass_rate=100.00% (required 99.50%), max_abs_diff=8.494e-07
[compare] overall: PASS
DONE
[INFO] Model Stop Time: 2026-09-09 08:06:22
Model RUN TIME: 359600 ms
[INFO] Total tick: 301030
[INFO] Model stopped successfully.
[INFO]  Profiling running finished. All task success.
[INFO]  Core operator results run in simulator as follow:
core_name           duration_time(us)   running_time(us)    
core0.cubecore0     63.82               63.67               
core0.veccore0      79.7                79.26               
core0.veccore1      79.56               79.12               
core1.cubecore0     63.82               63.67               
core1.veccore0      79.59               79.15               
core1.veccore1      79.45               79.01               
core10.cubecore0    63.81               63.66               
core10.veccore0     79.58               79.13               
core10.veccore1     79.43               78.98               
core11.cubecore0    63.81               63.66               
core11.veccore0     79.58               79.14               
core11.veccore1     79.44               79                  
core12.cubecore0    63.81               63.65               
core12.veccore0     79.58               79.14               
core12.veccore1     79.44               79                  
core13.cubecore0    63.81               63.66               
core13.veccore0     79.43               78.98               
core13.veccore1     79.56               79.12               
core14.cubecore0    63.81               63.65               
core14.veccore0     79.55               79.11               
core14.veccore1     79.41               78.97               
core15.cubecore0    63.81               63.65               
core15.veccore0     79.72               79.28               
core15.veccore1     79.58               79.14               
core16.cubecore0    63.81               63.65               
core16.veccore0     79.55               79.11               
core16.veccore1     79.41               78.97               
core17.cubecore0    63.81               63.65               
core17.veccore0     79.58               79.14               
core17.veccore1     79.45               79.01               
core18.cubecore0    63.8                63.65               
core18.veccore0     79.49               79.04               
core18.veccore1     79.62               79.18               
core19.cubecore0    63.8                63.65               
core19.veccore0     79.44               79                  
core19.veccore1     79.58               79.14               
core2.cubecore0     63.82               63.67               
core2.veccore0      79.47               79.03               
core2.veccore1      79.61               79.16               
core20.cubecore0    63.8                63.65               
core20.veccore0     79.35               78.92               
core20.veccore1     79.49               79.05               
core21.cubecore0    63.8                63.65               
core21.veccore0     79.43               78.99               
core21.veccore1     79.57               79.12               
core22.cubecore0    63.8                63.66               
core22.veccore0     79.38               78.96               
core22.veccore1     79.52               79.1                
core23.cubecore0    63.79               63.65               
core23.veccore0     72.12               71.71               
core23.veccore1     62.86               62.26               
core3.cubecore0     63.82               63.66               
core3.veccore0      79.52               79.08               
core3.veccore1      79.65               79.21               
core4.cubecore0     63.82               63.67               
core4.veccore0      79.43               78.99               
core4.veccore1      79.57               79.12               
core5.cubecore0     63.82               63.66               
core5.veccore0      79.47               79.02               
core5.veccore1      79.6                79.16               
core6.cubecore0     63.82               63.67               
core6.veccore0      79.69               79.25               
core6.veccore1      79.55               79.11               
core7.cubecore0     63.82               63.66               
core7.veccore0      79.54               79.1                
core7.veccore1      79.4                78.96               
core8.cubecore0     63.82               63.66               
core8.veccore0      79.59               79.14               
core8.veccore1      79.45               79.01               
core9.cubecore0     63.81               63.66               
core9.veccore0      79.58               79.14               
core9.veccore1      79.44               79                  
[INFO]  Start parse dump file
[INFO]  Profiling results saved in /root/HcPre/sim_out/OPPROF_20260909080015_FMMWVEFJDZGUCIKO
[INFO]  Profiling data parse finished.
[INFO]  Op profiling finish. Welcome to next use.
--- sim csv summary ---
found 72 cores with instr_exe.csv; showing top 8 by total cycles

=== core3.veccore1  total=1910612 cycles ===
    VECTOR           73.3%
    MTE3             11.2%
    SCALAR            8.0%
    MTE2              6.6%
    FLOWCTRL          0.9%
    ALL               0.1%
    top: BAR pipe=VECTOR calls=627 cycles=381813
    top: BAR pipe=VECTOR calls=9 cycles=61213
    top: BAR pipe=VECTOR calls=110 cycles=60046

=== core15.veccore0  total=1909635 cycles ===
    VECTOR           73.4%
    MTE3             11.1%
    SCALAR            8.0%
    MTE2              6.6%
    FLOWCTRL          0.8%
    ALL               0.1%
    top: BAR pipe=VECTOR calls=627 cycles=381813
    top: BAR pipe=VECTOR calls=9 cycles=61731
    top: BAR pipe=VECTOR calls=110 cycles=60056

=== core0.veccore0  total=1907809 cycles ===
    VECTOR           73.4%
    MTE3             11.2%
    SCALAR            8.0%
    MTE2              6.5%
    FLOWCTRL          0.9%
